Archive member included because of file (symbol)

c:/freescale/kds_3.0.0/toolchain/bin/../lib/gcc/arm-none-eabi/4.8.4/armv6-m\libgcc.a(_udivsi3.o)
                              ./Sources/Application.o (__aeabi_uidiv)
c:/freescale/kds_3.0.0/toolchain/bin/../lib/gcc/arm-none-eabi/4.8.4/armv6-m\libgcc.a(_divsi3.o)
                              ./Sources/Detection.o (__aeabi_idiv)
c:/freescale/kds_3.0.0/toolchain/bin/../lib/gcc/arm-none-eabi/4.8.4/armv6-m\libgcc.a(_dvmd_tls.o)
                              c:/freescale/kds_3.0.0/toolchain/bin/../lib/gcc/arm-none-eabi/4.8.4/armv6-m\libgcc.a(_udivsi3.o) (__aeabi_idiv0)
c:/freescale/kds_3.0.0/toolchain/bin/../lib/gcc/arm-none-eabi/4.8.4/armv6-m\libgcc.a(_arm_cmpsf2.o)
                              ./Sources/Detection.o (__aeabi_fcmplt)
c:/freescale/kds_3.0.0/toolchain/bin/../lib/gcc/arm-none-eabi/4.8.4/armv6-m\libgcc.a(addsf3.o)
                              ./Sources/FDC1004.o (__aeabi_fadd)
c:/freescale/kds_3.0.0/toolchain/bin/../lib/gcc/arm-none-eabi/4.8.4/armv6-m\libgcc.a(divsf3.o)
                              ./Sources/Detection.o (__aeabi_fdiv)
c:/freescale/kds_3.0.0/toolchain/bin/../lib/gcc/arm-none-eabi/4.8.4/armv6-m\libgcc.a(eqsf2.o)
                              c:/freescale/kds_3.0.0/toolchain/bin/../lib/gcc/arm-none-eabi/4.8.4/armv6-m\libgcc.a(_arm_cmpsf2.o) (__eqsf2)
c:/freescale/kds_3.0.0/toolchain/bin/../lib/gcc/arm-none-eabi/4.8.4/armv6-m\libgcc.a(gesf2.o)
                              c:/freescale/kds_3.0.0/toolchain/bin/../lib/gcc/arm-none-eabi/4.8.4/armv6-m\libgcc.a(_arm_cmpsf2.o) (__gesf2)
c:/freescale/kds_3.0.0/toolchain/bin/../lib/gcc/arm-none-eabi/4.8.4/armv6-m\libgcc.a(lesf2.o)
                              c:/freescale/kds_3.0.0/toolchain/bin/../lib/gcc/arm-none-eabi/4.8.4/armv6-m\libgcc.a(_arm_cmpsf2.o) (__lesf2)
c:/freescale/kds_3.0.0/toolchain/bin/../lib/gcc/arm-none-eabi/4.8.4/armv6-m\libgcc.a(mulsf3.o)
                              ./Sources/Detection.o (__aeabi_fmul)
c:/freescale/kds_3.0.0/toolchain/bin/../lib/gcc/arm-none-eabi/4.8.4/armv6-m\libgcc.a(subsf3.o)
                              ./Sources/Detection.o (__aeabi_fsub)
c:/freescale/kds_3.0.0/toolchain/bin/../lib/gcc/arm-none-eabi/4.8.4/armv6-m\libgcc.a(fixsfsi.o)
                              ./Sources/Application.o (__aeabi_f2iz)
c:/freescale/kds_3.0.0/toolchain/bin/../lib/gcc/arm-none-eabi/4.8.4/armv6-m\libgcc.a(floatsisf.o)
                              ./Sources/Detection.o (__aeabi_i2f)
c:/freescale/kds_3.0.0/toolchain/bin/../lib/gcc/arm-none-eabi/4.8.4/armv6-m\libgcc.a(_clzsi2.o)
                              c:/freescale/kds_3.0.0/toolchain/bin/../lib/gcc/arm-none-eabi/4.8.4/armv6-m\libgcc.a(addsf3.o) (__clzsi2)
c:/freescale/kds_3.0.0/toolchain/bin/../lib/gcc/arm-none-eabi/4.8.4/../../../../arm-none-eabi/lib/armv6-m\libg_s.a(lib_a-exit.o)
                              c:/freescale/kds_3.0.0/toolchain/bin/../lib/gcc/arm-none-eabi/4.8.4/../../../../arm-none-eabi/lib/armv6-m/crt0.o (exit)
c:/freescale/kds_3.0.0/toolchain/bin/../lib/gcc/arm-none-eabi/4.8.4/../../../../arm-none-eabi/lib/armv6-m\libg_s.a(lib_a-impure.o)
                              c:/freescale/kds_3.0.0/toolchain/bin/../lib/gcc/arm-none-eabi/4.8.4/../../../../arm-none-eabi/lib/armv6-m\libg_s.a(lib_a-exit.o) (_global_impure_ptr)
c:/freescale/kds_3.0.0/toolchain/bin/../lib/gcc/arm-none-eabi/4.8.4/../../../../arm-none-eabi/lib/armv6-m\libg_s.a(lib_a-init.o)
                              c:/freescale/kds_3.0.0/toolchain/bin/../lib/gcc/arm-none-eabi/4.8.4/../../../../arm-none-eabi/lib/armv6-m/crt0.o (__libc_init_array)
c:/freescale/kds_3.0.0/toolchain/bin/../lib/gcc/arm-none-eabi/4.8.4/../../../../arm-none-eabi/lib/armv6-m\libg_s.a(lib_a-memcpy-stub.o)
                              ./Generated_Code/queue.o (memcpy)
c:/freescale/kds_3.0.0/toolchain/bin/../lib/gcc/arm-none-eabi/4.8.4/../../../../arm-none-eabi/lib/armv6-m\libg_s.a(lib_a-memset.o)
                              c:/freescale/kds_3.0.0/toolchain/bin/../lib/gcc/arm-none-eabi/4.8.4/../../../../arm-none-eabi/lib/armv6-m/crt0.o (memset)
c:/freescale/kds_3.0.0/toolchain/bin/../lib/gcc/arm-none-eabi/4.8.4/../../../../arm-none-eabi/lib/armv6-m\libg_s.a(lib_a-setjmp.o)
                              ./Generated_Code/port.o (setjmp)
c:/freescale/kds_3.0.0/toolchain/bin/../lib/gcc/arm-none-eabi/4.8.4/../../../../arm-none-eabi/lib/armv6-m\libg_s.a(lib_a-strchr.o)
                              ./Generated_Code/UTIL1.o (strchr)
c:/freescale/kds_3.0.0/toolchain/bin/../lib/gcc/arm-none-eabi/4.8.4/../../../../arm-none-eabi/lib/armv6-m\libg_s.a(lib_a-strcmp.o)
                              ./Generated_Code/CLS1.o (strcmp)
c:/freescale/kds_3.0.0/toolchain/bin/../lib/gcc/arm-none-eabi/4.8.4/../../../../arm-none-eabi/lib/armv6-m\libg_s.a(lib_a-strlen.o)
                              ./Generated_Code/CLS1.o (strlen)
c:/freescale/kds_3.0.0/toolchain/bin/../lib/gcc/arm-none-eabi/4.8.4/../../../../arm-none-eabi/lib/armv6-m\libg_s.a(lib_a-strncmp.o)
[...]
Memory Configuration

Name             Origin             Length             Attributes
m_interrupts     0x00000000         0x000000c0         xr
m_text           0x00000410         0x0001fbf0         xr
m_data           0x1ffff000         0x00004000         rw
m_cfmprotrom     0x00000400         0x00000010         xr
*default*        0x00000000         0xffffffff

Linker script and memory map

LOAD c:/freescale/kds_3.0.0/toolchain/bin/../lib/gcc/arm-none-eabi/4.8.4/armv6-m/crti.o
LOAD c:/freescale/kds_3.0.0/toolchain/bin/../lib/gcc/arm-none-eabi/4.8.4/armv6-m/crtbegin.o
LOAD c:/freescale/kds_3.0.0/toolchain/bin/../lib/gcc/arm-none-eabi/4.8.4/../../../../arm-none-eabi/lib/armv6-m/crt0.o
LOAD ./Sources/Application.o
LOAD ./Sources/Detection.o
LOAD ./Sources/Events.o
LOAD ./Sources/FDC1004.o
LOAD ./Sources/SH7776.o
LOAD ./Sources/VL6180X.o
LOAD ./Sources/main.o
LOAD ./Project_Settings/Startup_Code/startup.o
LOAD ./Generated_Code/AS1.o
LOAD ./Generated_Code/ASerialLdd1.o
LOAD ./Generated_Code/BitIoLdd1.o
LOAD ./Generated_Code/CI2C2.o
LOAD ./Generated_Code/CLS1.o
LOAD ./Generated_Code/CS1.o
LOAD ./Generated_Code/Cpu.o
LOAD ./Generated_Code/FRTOS1.o
LOAD ./Generated_Code/GI2C1.o
LOAD ./Generated_Code/LED1.o
LOAD ./Generated_Code/LEDpin1.o
LOAD ./Generated_Code/PE_LDD.o
LOAD ./Generated_Code/TMOUT1.o
LOAD ./Generated_Code/UTIL1.o
LOAD ./Generated_Code/Vectors.o
LOAD ./Generated_Code/WAIT1.o
LOAD ./Generated_Code/croutine.o
LOAD ./Generated_Code/event_groups.o
LOAD ./Generated_Code/heap_1.o
LOAD ./Generated_Code/heap_2.o
LOAD ./Generated_Code/heap_3.o
LOAD ./Generated_Code/heap_4.o
LOAD ./Generated_Code/heap_5.o
LOAD ./Generated_Code/list.o
LOAD ./Generated_Code/port.o
LOAD ./Generated_Code/queue.o
LOAD ./Generated_Code/tasks.o
LOAD ./Generated_Code/timers.o
LOAD c:/freescale/kds_3.0.0/toolchain/bin/../lib/gcc/arm-none-eabi/4.8.4/../../../../arm-none-eabi/lib/armv6-m\libstdc++_s.a
LOAD c:/freescale/kds_3.0.0/toolchain/bin/../lib/gcc/arm-none-eabi/4.8.4/../../../../arm-none-eabi/lib/armv6-m\libm.a
START GROUP
LOAD c:/freescale/kds_3.0.0/toolchain/bin/../lib/gcc/arm-none-eabi/4.8.4/armv6-m\libgcc.a
LOAD c:/freescale/kds_3.0.0/toolchain/bin/../lib/gcc/arm-none-eabi/4.8.4/../../../../arm-none-eabi/lib/armv6-m\libg_s.a
LOAD c:/freescale/kds_3.0.0/toolchain/bin/../lib/gcc/arm-none-eabi/4.8.4/../../../../arm-none-eabi/lib/armv6-m\libc_s.a
END GROUP
START GROUP
LOAD c:/freescale/kds_3.0.0/toolchain/bin/../lib/gcc/arm-none-eabi/4.8.4/armv6-m\libgcc.a
LOAD c:/freescale/kds_3.0.0/toolchain/bin/../lib/gcc/arm-none-eabi/4.8.4/../../../../arm-none-eabi/lib/armv6-m\libc_s.a
LOAD c:/freescale/kds_3.0.0/toolchain/bin/../lib/gcc/arm-none-eabi/4.8.4/../../../../arm-none-eabi/lib/armv6-m\libnosys.a
END GROUP
START GROUP
LOAD c:/freescale/kds_3.0.0/toolchain/bin/../lib/gcc/arm-none-eabi/4.8.4/armv6-m\libgcc.a
LOAD c:/freescale/kds_3.0.0/toolchain/bin/../lib/gcc/arm-none-eabi/4.8.4/../../../../arm-none-eabi/lib/armv6-m\libc_s.a
LOAD c:/freescale/kds_3.0.0/toolchain/bin/../lib/gcc/arm-none-eabi/4.8.4/../../../../arm-none-eabi/lib/armv6-m\libnosys.a
END GROUP
LOAD c:/freescale/kds_3.0.0/toolchain/bin/../lib/gcc/arm-none-eabi/4.8.4/armv6-m/crtend.o
LOAD c:/freescale/kds_3.0.0/toolchain/bin/../lib/gcc/arm-none-eabi/4.8.4/armv6-m/crtn.o
                0x20003000                _estack = 0x20003000
                0x20003000                __SP_INIT = _estack
                0x20003000                __stack = _estack
                0x00000000                __heap_size = 0x0
                0x00000400                __stack_size = 0x400

.interrupts     0x00000000       0xc0
                0x00000000                __vector_table = .
                0x00000000                . = ALIGN (0x4)
 *(.vectortable)
 .vectortable   0x00000000       0xc0 ./Generated_Code/Vectors.o
                0x00000000                __vect_table
                0x000000c0                . = ALIGN (0x4)

.cfmprotect     0x00000400       0x10
                0x00000400                . = ALIGN (0x4)
 *(.cfmconfig)
 .cfmconfig     0x00000400       0x10 ./Generated_Code/Cpu.o
                0x00000400                _cfm
                0x00000410                . = ALIGN (0x4)

.text           0x00000410     0x42bc
                0x00000410                . = ALIGN (0x4)
 *(.text)
 .text          0x00000410       0x60 c:/freescale/kds_3.0.0/toolchain/bin/../lib/gcc/arm-none-eabi/4.8.4/armv6-m/crtbegin.o
 .text          0x00000470       0x78 c:/freescale/kds_3.0.0/toolchain/bin/../lib/gcc/arm-none-eabi/4.8.4/../../../../arm-none-eabi/lib/armv6-m/crt0.o
                0x00000470                _start
                0x00000470                _mainCRTStartup
 .text          0x000004e8       0xc0 c:/freescale/kds_3.0.0/toolchain/bin/../lib/gcc/arm-none-eabi/4.8.4/armv6-m\libgcc.a(_divsi3.o)
                0x000004e8                __divsi3
                0x000004e8                __aeabi_idiv
                0x00000594                __aeabi_idivmod
 .text          0x000005a8        0x4 c:/freescale/kds_3.0.0/toolchain/bin/../lib/gcc/arm-none-eabi/4.8.4/armv6-m\libgcc.a(_dvmd_tls.o)
                0x000005a8                __aeabi_idiv0
                0x000005a8                __aeabi_ldiv0
 .text          0x000005ac       0x74 c:/freescale/kds_3.0.0/toolchain/bin/../lib/gcc/arm-none-eabi/4.8.4/armv6-m\libgcc.a(_arm_cmpsf2.o)
                0x000005ac                __aeabi_cfrcmple
                0x000005b4                __aeabi_cfcmpeq
                0x000005b4                __aeabi_cfcmple
                0x000005c4                __aeabi_fcmpeq
                0x000005d0                __aeabi_fcmplt
                0x000005e4                __aeabi_fcmple
                0x000005f8                __aeabi_fcmpgt
                0x0000060c                __aeabi_fcmpge
 .text          0x00000620      0x2d8 c:/freescale/kds_3.0.0/toolchain/bin/../lib/gcc/arm-none-eabi/4.8.4/armv6-m\libgcc.a(addsf3.o)
                0x00000620                __aeabi_fadd
 .text          0x000008f8      0x24c c:/freescale/kds_3.0.0/toolchain/bin/../lib/gcc/arm-none-eabi/4.8.4/armv6-m\libgcc.a(divsf3.o)
                0x000008f8                __aeabi_fdiv
 .text          0x00000b44       0x54 c:/freescale/kds_3.0.0/toolchain/bin/../lib/gcc/arm-none-eabi/4.8.4/armv6-m\libgcc.a(eqsf2.o)
                0x00000b44                __eqsf2
                0x00000b44                __nesf2
 .text          0x00000b98       0x90 c:/freescale/kds_3.0.0/toolchain/bin/../lib/gcc/arm-none-eabi/4.8.4/armv6-m\libgcc.a(gesf2.o)
                0x00000b98                __gesf2
                0x00000b98                __gtsf2
 .text          0x00000c28       0x98 c:/freescale/kds_3.0.0/toolchain/bin/../lib/gcc/arm-none-eabi/4.8.4/armv6-m\libgcc.a(lesf2.o)
                0x00000c28                __ltsf2
                0x00000c28                __lesf2
 .text          0x00000cc0      0x254 c:/freescale/kds_3.0.0/toolchain/bin/../lib/gcc/arm-none-eabi/4.8.4/armv6-m\libgcc.a(mulsf3.o)
                0x00000cc0                __aeabi_fmul
 .text          0x00000f14      0x2ec c:/freescale/kds_3.0.0/toolchain/bin/../lib/gcc/arm-none-eabi/4.8.4/armv6-m\libgcc.a(subsf3.o)
                0x00000f14                __aeabi_fsub
 .text          0x00001200       0x40 c:/freescale/kds_3.0.0/toolchain/bin/../lib/gcc/arm-none-eabi/4.8.4/armv6-m\libgcc.a(fixsfsi.o)
                0x00001200                __aeabi_f2iz
 .text          0x00001240       0xb8 c:/freescale/kds_3.0.0/toolchain/bin/../lib/gcc/arm-none-eabi/4.8.4/armv6-m\libgcc.a(floatsisf.o)
                0x00001240                __aeabi_i2f
 .text          0x000012f8       0x3c c:/freescale/kds_3.0.0/toolchain/bin/../lib/gcc/arm-none-eabi/4.8.4/armv6-m\libgcc.a(_clzsi2.o)
                0x000012f8                __clzsi2
 .text          0x00001334       0x34 c:/freescale/kds_3.0.0/toolchain/bin/../lib/gcc/arm-none-eabi/4.8.4/../../../../arm-none-eabi/lib/armv6-m\libg_s.a(lib_a-setjmp.o)
                0x00001334                setjmp
                0x0000134c                longjmp
 *(.text*)
 .text.Init_App
                0x00001368       0x50 ./Sources/Application.o
                0x00001368                Init_App
 .text.AppTask  0x000013b8       0x1c ./Sources/Application.o
 .text.RTOS_Run
                0x000013d4        0xc ./Sources/Application.o
                0x000013d4                RTOS_Run
 .text.APP_Run  0x000013e0       0x40 ./Sources/Application.o
                0x000013e0                APP_Run
 .text.Test_Sensors_Motion
                0x00001420       0xa0 ./Sources/Application.o
                0x00001420                Test_Sensors_Motion
 .text.DECT_CalcPosition
                0x000014c0       0xc8 ./Sources/Detection.o
                0x000014c0                DECT_CalcPosition
 .text.DECT_CalcDirectionalDerivation
                0x00001588      0x158 ./Sources/Detection.o
                0x00001588                DECT_CalcDirectionalDerivation
 .text.DECT_CheckMotion
                0x000016e0       0xf4 ./Sources/Detection.o
                0x000016e0                DECT_CheckMotion
 .text.DECT_ReadSample
                0x000017d4       0x60 ./Sources/Detection.o
                0x000017d4                DECT_ReadSample
 .text.DECT_Calib
                0x00001834       0xd0 ./Sources/Detection.o
                0x00001834                DECT_Calib
 .text.DECT_GetDirectionalDerivation
                0x00001904       0x28 ./Sources/Detection.o
                0x00001904                DECT_GetDirectionalDerivation
 .text.AS1_OnError
                0x0000192c        0x8 ./Sources/Events.o
                0x0000192c                AS1_OnError
 .text.AS1_OnRxChar
                0x00001934        0x8 ./Sources/Events.o
                0x00001934                AS1_OnRxChar
 .text.AS1_OnTxChar
                0x0000193c        0x8 ./Sources/Events.o
                0x0000193c                AS1_OnTxChar
 .text.AS1_OnFullRxBuf
                0x00001944        0x8 ./Sources/Events.o
                0x00001944                AS1_OnFullRxBuf
 .text.AS1_OnFreeTxBuf
                0x0000194c        0x8 ./Sources/Events.o
                0x0000194c                AS1_OnFreeTxBuf
 .text.GI2C1_OnError
                0x00001954        0x8 ./Sources/Events.o
                0x00001954                GI2C1_OnError
 .text.Cpu_OnNMIINT
                0x0000195c        0x8 ./Sources/Events.o
                0x0000195c                Cpu_OnNMIINT
 .text.FRTOS1_vApplicationStackOverflowHook
                0x00001964       0x10 ./Sources/Events.o
                0x00001964                FRTOS1_vApplicationStackOverflowHook
 .text.FRTOS1_vApplicationTickHook
                0x00001974        0x8 ./Sources/Events.o
                0x00001974                FRTOS1_vApplicationTickHook
 .text.FRTOS1_vApplicationIdleHook
                0x0000197c        0x8 ./Sources/Events.o
                0x0000197c                FRTOS1_vApplicationIdleHook
 .text.FRTOS1_vApplicationMallocFailedHook
                0x00001984        0x8 ./Sources/Events.o
                0x00001984                FRTOS1_vApplicationMallocFailedHook
 .text.FDC_WriteReg16
                0x0000198c       0x5c ./Sources/FDC1004.o
                0x0000198c                FDC_WriteReg16
 .text.FDC_ReadReg16
                0x000019e8       0x60 ./Sources/FDC1004.o
                0x000019e8                FDC_ReadReg16
 .text.FDC_ReadRawValues
                0x00001a48      0x1a0 ./Sources/FDC1004.o
                0x00001a48                FDC_ReadRawValues
 .text.FDC_Init
                0x00001be8      0x118 ./Sources/FDC1004.o
                0x00001be8                FDC_Init
 .text.FDC_Calc_Fixpoint
                0x00001d00      0x160 ./Sources/FDC1004.o
                0x00001d00                FDC_Calc_Fixpoint
 .text.main     0x00001e60       0x14 ./Sources/main.o
                0x00001e60                main
 .text.__copy_rom_section
                0x00001e74       0xd8 ./Project_Settings/Startup_Code/startup.o
                0x00001e74                __copy_rom_section
 .text.__copy_rom_sections_to_ram
                0x00001f4c       0x98 ./Project_Settings/Startup_Code/startup.o
                0x00001f4c                __copy_rom_sections_to_ram
 .text.__init_registers
                0x00001fe4        0x8 ./Project_Settings/Startup_Code/startup.o
                0x00001fe4                __init_registers
 .text.__init_user
                0x00001fec        0x8 ./Project_Settings/Startup_Code/startup.o
                0x00001fec                __init_user
 .text.__thumb_startup
                0x00001ff4       0x30 ./Project_Settings/Startup_Code/startup.o
                0x00001ff4                __thumb_startup
 .text.HWEnDi   0x00002024       0x20 ./Generated_Code/AS1.o
 .text.AS1_RecvChar
                0x00002044       0xe8 ./Generated_Code/AS1.o
                0x00002044                AS1_RecvChar
 .text.AS1_SendChar
                0x0000212c       0xe8 ./Generated_Code/AS1.o
                0x0000212c                AS1_SendChar
 .text.AS1_GetCharsInRxBuf
                0x00002214       0x14 ./Generated_Code/AS1.o
                0x00002214                AS1_GetCharsInRxBuf
 .text.AS1_Init
                0x00002228       0x64 ./Generated_Code/AS1.o
                0x00002228                AS1_Init
 .text.ASerialLdd1_OnBlockReceived
                0x0000228c       0xc0 ./Generated_Code/AS1.o
                0x0000228c                ASerialLdd1_OnBlockReceived
 .text.ASerialLdd1_OnBlockSent
                0x0000234c       0xe8 ./Generated_Code/AS1.o
                0x0000234c                ASerialLdd1_OnBlockSent
 .text.ASerialLdd1_OnError
                0x00002434       0x94 ./Generated_Code/AS1.o
                0x00002434                ASerialLdd1_OnError
 .text.ASerialLdd1_OnBreak
                0x000024c8       0x20 ./Generated_Code/AS1.o
                0x000024c8                ASerialLdd1_OnBreak
 .text.ASerialLdd1_Init
                0x000024e8      0x1c4 ./Generated_Code/ASerialLdd1.o
                0x000024e8                ASerialLdd1_Init
 .text.ASerialLdd1_ReceiveBlock
                0x000026ac       0x50 ./Generated_Code/ASerialLdd1.o
                0x000026ac                ASerialLdd1_ReceiveBlock
 .text.ASerialLdd1_SendBlock
                0x000026fc       0x80 ./Generated_Code/ASerialLdd1.o
                0x000026fc                ASerialLdd1_SendBlock
 .text.InterruptRx
                0x0000277c       0x58 ./Generated_Code/ASerialLdd1.o
 .text.InterruptTx
                0x000027d4       0x80 ./Generated_Code/ASerialLdd1.o
 .text.ASerialLdd1_Interrupt
                0x00002854       0xec ./Generated_Code/ASerialLdd1.o
                0x00002854                ASerialLdd1_Interrupt
 .text.ASerialLdd1_GetError
                0x00002940       0x30 ./Generated_Code/ASerialLdd1.o
                0x00002940                ASerialLdd1_GetError
 .text.BitIoLdd1_Init
                0x00002970       0x68 ./Generated_Code/BitIoLdd1.o
                0x00002970                BitIoLdd1_Init
 .text.BitIoLdd1_ClrVal
                0x000029d8       0x1c ./Generated_Code/BitIoLdd1.o
                0x000029d8                BitIoLdd1_ClrVal
 .text.BitIoLdd1_SetVal
                0x000029f4       0x1c ./Generated_Code/BitIoLdd1.o
                0x000029f4                BitIoLdd1_SetVal
 .text.BitIoLdd1_NegVal
                0x00002a10       0x1c ./Generated_Code/BitIoLdd1.o
                0x00002a10                BitIoLdd1_NegVal
 .text.CI2C2_Interrupt
                0x00002a2c      0x278 ./Generated_Code/CI2C2.o
                0x00002a2c                CI2C2_Interrupt
 .text.CI2C2_Init
                0x00002ca4      0x114 ./Generated_Code/CI2C2.o
                0x00002ca4                CI2C2_Init
 .text.CI2C2_MasterSendBlock
                0x00002db8      0x158 ./Generated_Code/CI2C2.o
                0x00002db8                CI2C2_MasterSendBlock
 .text.CI2C2_MasterReceiveBlock
                0x00002f10      0x158 ./Generated_Code/CI2C2.o
                0x00002f10                CI2C2_MasterReceiveBlock
 .text.CI2C2_SelectSlaveDevice
                0x00003068      0x100 ./Generated_Code/CI2C2.o
                0x00003068                CI2C2_SelectSlaveDevice
 .text.CLS1_SendStr
                0x00003168       0x28 ./Generated_Code/CLS1.o
                0x00003168                CLS1_SendStr
 .text.CLS1_GetStdio
                0x00003190       0x14 ./Generated_Code/CLS1.o
                0x00003190                CLS1_GetStdio
 .text.CLS1_ReadChar
                0x000031a4       0x30 ./Generated_Code/CLS1.o
                0x000031a4                CLS1_ReadChar
 .text.CLS1_SendChar
                0x000031d4       0x40 ./Generated_Code/CLS1.o
                0x000031d4                CLS1_SendChar
 .text.CLS1_KeyPressed
                0x00003214       0x24 ./Generated_Code/CLS1.o
                0x00003214                CLS1_KeyPressed
 .text.CLS1_Init
                0x00003238        0x8 ./Generated_Code/CLS1.o
                0x00003238                CLS1_Init
 .text.Cpu_INT_NMIInterrupt
                0x00003240        0xc ./Generated_Code/Cpu.o
                0x00003240                Cpu_INT_NMIInterrupt
 .text.Cpu_Interrupt
                0x0000324c        0xc ./Generated_Code/Cpu.o
                0x0000324c                Cpu_Interrupt
 .text.__init_hardware
                0x00003258      0x17c ./Generated_Code/Cpu.o
                0x00003258                __init_hardware
 .text.PE_low_level_init
                0x000033d4       0xf0 ./Generated_Code/Cpu.o
                0x000033d4                PE_low_level_init
 .text.GI2C1_SelectSlave
                0x000034c4       0x3c ./Generated_Code/GI2C1.o
                0x000034c4                GI2C1_SelectSlave
 .text.GI2C1_UnselectSlave
                0x00003500        0xc ./Generated_Code/GI2C1.o
                0x00003500                GI2C1_UnselectSlave
 .text.GI2C1_ReadAddress
                0x0000350c       0xe8 ./Generated_Code/GI2C1.o
                0x0000350c                GI2C1_ReadAddress
 .text.GI2C1_WriteAddress
                0x000035f4      0x144 ./Generated_Code/GI2C1.o
                0x000035f4                GI2C1_WriteAddress
 .text.CI2C2_OnMasterBlockSent
                0x00003738       0x24 ./Generated_Code/GI2C1.o
                0x00003738                CI2C2_OnMasterBlockSent
 .text.CI2C2_OnMasterBlockReceived
                0x0000375c       0x24 ./Generated_Code/GI2C1.o
                0x0000375c                CI2C2_OnMasterBlockReceived
 .text.GI2C1_Init
                0x00003780       0x28 ./Generated_Code/GI2C1.o
                0x00003780                GI2C1_Init
 .text.TMOUT1_Init
                0x000037a8       0x44 ./Generated_Code/TMOUT1.o
                0x000037a8                TMOUT1_Init
 .text.pvPortMalloc
                0x000037ec      0x124 ./Generated_Code/heap_2.o
                0x000037ec                pvPortMalloc
 .text.vPortFree
                0x00003910       0x70 ./Generated_Code/heap_2.o
                0x00003910                vPortFree
 .text.prvHeapInit
                0x00003980       0x4c ./Generated_Code/heap_2.o
 .text.vListInitialise
                0x000039cc       0x3c ./Generated_Code/list.o
                0x000039cc                vListInitialise
 .text.vListInitialiseItem
                0x00003a08       0x14 ./Generated_Code/list.o
                0x00003a08                vListInitialiseItem
 .text.vListInsertEnd
                0x00003a1c       0x44 ./Generated_Code/list.o
                0x00003a1c                vListInsertEnd
 .text.vListInsert
                0x00003a60       0x6c ./Generated_Code/list.o
                0x00003a60                vListInsert
 .text.uxListRemove
                0x00003acc       0x50 ./Generated_Code/list.o
                0x00003acc                uxListRemove
 .text.pxPortInitialiseStack
                0x00003b1c       0x50 ./Generated_Code/port.o
                0x00003b1c                pxPortInitialiseStack
 .text.vPortInitTickTimer
                0x00003b6c       0x3c ./Generated_Code/port.o
                0x00003b6c                vPortInitTickTimer
 .text.vPortStartTickTimer
                0x00003ba8       0x14 ./Generated_Code/port.o
                0x00003ba8                vPortStartTickTimer
 .text.vPortStopTickTimer
                0x00003bbc       0x14 ./Generated_Code/port.o
                0x00003bbc                vPortStopTickTimer
 .text.xPortStartScheduler
                0x00003bd0       0x4c ./Generated_Code/port.o
                0x00003bd0                xPortStartScheduler
 .text.vPortEnterCritical
                0x00003c1c       0x20 ./Generated_Code/port.o
                0x00003c1c                vPortEnterCritical
 .text.vPortExitCritical
                0x00003c3c       0x20 ./Generated_Code/port.o
                0x00003c3c                vPortExitCritical
 .text.vPortYieldFromISR
                0x00003c5c       0x1c ./Generated_Code/port.o
                0x00003c5c                vPortYieldFromISR
 .text.vPortTickHandler
                0x00003c78       0x1c ./Generated_Code/port.o
                0x00003c78                vPortTickHandler
 .text.vPortStartFirstTask
                0x00003c94       0x1c ./Generated_Code/port.o
                0x00003c94                vPortStartFirstTask
 .text.vPortSVCHandler
                0x00003cb0       0x28 ./Generated_Code/port.o
                0x00003cb0                vPortSVCHandler
 .text.vPortPendSVHandler
                0x00003cd8       0x44 ./Generated_Code/port.o
                0x00003cd8                vPortPendSVHandler
 .text.xTaskGenericCreate
                0x00003d1c      0x16c ./Generated_Code/tasks.o
                0x00003d1c                xTaskGenericCreate
 .text.vTaskDelay
                0x00003e88       0x64 ./Generated_Code/tasks.o
                0x00003e88                vTaskDelay
 .text.vTaskStartScheduler
                0x00003eec       0x70 ./Generated_Code/tasks.o
                0x00003eec                vTaskStartScheduler
 .text.vTaskSuspendAll
                0x00003f5c       0x18 ./Generated_Code/tasks.o
                0x00003f5c                vTaskSuspendAll
 .text.xTaskResumeAll
                0x00003f74      0x108 ./Generated_Code/tasks.o
                0x00003f74                xTaskResumeAll
 .text.xTaskIncrementTick
                0x0000407c      0x17c ./Generated_Code/tasks.o
                0x0000407c                xTaskIncrementTick
 .text.vTaskSwitchContext
                0x000041f8       0xc4 ./Generated_Code/tasks.o
                0x000041f8                vTaskSwitchContext
 .text.prvIdleTask
                0x000042bc       0x24 ./Generated_Code/tasks.o
 .text.prvInitialiseTCBVariables
                0x000042e0       0xa4 ./Generated_Code/tasks.o
 .text.prvInitialiseTaskLists
                0x00004384       0x7c ./Generated_Code/tasks.o
 .text.prvCheckTasksWaitingTermination
                0x00004400        0x8 ./Generated_Code/tasks.o
 .text.prvAddCurrentTaskToDelayedList
                0x00004408       0x6c ./Generated_Code/tasks.o
 .text.prvAllocateTCBAndStack
                0x00004474       0x78 ./Generated_Code/tasks.o
 .text.prvResetNextTaskUnblockTime
                0x000044ec       0x44 ./Generated_Code/tasks.o
 .text.exit     0x00004530       0x2c c:/freescale/kds_3.0.0/toolchain/bin/../lib/gcc/arm-none-eabi/4.8.4/../../../../arm-none-eabi/lib/armv6-m\libg_s.a(lib_a-exit.o)
                0x00004530                exit
 .text.__libc_init_array
                0x0000455c       0x4c c:/freescale/kds_3.0.0/toolchain/bin/../lib/gcc/arm-none-eabi/4.8.4/../../../../arm-none-eabi/lib/armv6-m\libg_s.a(lib_a-init.o)
                0x0000455c                __libc_init_array
 .text.memset   0x000045a8       0x10 c:/freescale/kds_3.0.0/toolchain/bin/../lib/gcc/arm-none-eabi/4.8.4/../../../../arm-none-eabi/lib/armv6-m\libg_s.a(lib_a-memset.o)
                0x000045a8                memset
 .text._exit    0x000045b8        0x4 c:/freescale/kds_3.0.0/toolchain/bin/../lib/gcc/arm-none-eabi/4.8.4/../../../../arm-none-eabi/lib/armv6-m\libnosys.a(_exit.o)
                0x000045b8                _exit
 *(.rodata)
 .rodata        0x000045bc       0x58 ./Sources/Application.o
 .rodata        0x00004614        0x8 ./Generated_Code/tasks.o
 .rodata        0x0000461c       0x40 c:/freescale/kds_3.0.0/toolchain/bin/../lib/gcc/arm-none-eabi/4.8.4/armv6-m\libgcc.a(divsf3.o)
 .rodata        0x0000465c       0x40 c:/freescale/kds_3.0.0/toolchain/bin/../lib/gcc/arm-none-eabi/4.8.4/armv6-m\libgcc.a(mulsf3.o)
 *(.rodata*)
 .rodata.CLS1_stdio
                0x0000469c       0x10 ./Generated_Code/CLS1.o
 .rodata.str1.1
                0x000046ac        0x2 c:/freescale/kds_3.0.0/toolchain/bin/../lib/gcc/arm-none-eabi/4.8.4/../../../../arm-none-eabi/lib/armv6-m\libg_s.a(lib_a-impure.o)
 *fill*         0x000046ae        0x2 
 .rodata._global_impure_ptr
                0x000046b0        0x4 c:/freescale/kds_3.0.0/toolchain/bin/../lib/gcc/arm-none-eabi/4.8.4/../../../../arm-none-eabi/lib/armv6-m\libg_s.a(lib_a-impure.o)
                0x000046b0                _global_impure_ptr
 *(.glue_7)
 .glue_7        0x00000000        0x0 linker stubs
 *(.glue_7t)
 .glue_7t       0x00000000        0x0 linker stubs
 *(.eh_frame)
 .eh_frame      0x000046b4        0x0 c:/freescale/kds_3.0.0/toolchain/bin/../lib/gcc/arm-none-eabi/4.8.4/armv6-m/crtbegin.o
 *(.init)
 .init          0x000046b4        0x4 c:/freescale/kds_3.0.0/toolchain/bin/../lib/gcc/arm-none-eabi/4.8.4/armv6-m/crti.o
                0x000046b4                _init
 .init          0x000046b8        0x8 c:/freescale/kds_3.0.0/toolchain/bin/../lib/gcc/arm-none-eabi/4.8.4/armv6-m/crtn.o
 *(.fini)
 .fini          0x000046c0        0x4 c:/freescale/kds_3.0.0/toolchain/bin/../lib/gcc/arm-none-eabi/4.8.4/armv6-m/crti.o
                0x000046c0                _fini
 .fini          0x000046c4        0x8 c:/freescale/kds_3.0.0/toolchain/bin/../lib/gcc/arm-none-eabi/4.8.4/armv6-m/crtn.o
                0x000046cc                . = ALIGN (0x4)
                0x000046cc                _etext = .

.vfp11_veneer   0x000046cc        0x0
 .vfp11_veneer  0x00000000        0x0 linker stubs

.v4_bx          0x000046cc        0x0
 .v4_bx         0x00000000        0x0 linker stubs

.iplt           0x000046cc        0x0
 .iplt          0x00000000        0x0 c:/freescale/kds_3.0.0/toolchain/bin/../lib/gcc/arm-none-eabi/4.8.4/armv6-m/crtbegin.o

.ARM.extab
 *(.ARM.extab* .gnu.linkonce.armextab.*)

.ARM            0x000046cc        0x8
                0x000046cc                __exidx_start = .
 *(.ARM.exidx*)
 .ARM.exidx     0x000046cc        0x8 c:/freescale/kds_3.0.0/toolchain/bin/../lib/gcc/arm-none-eabi/4.8.4/../../../../arm-none-eabi/lib/armv6-m/crt0.o
                0x000046d4                __exidx_end = .

.rel.dyn        0x000046d4        0x0
 .rel.iplt      0x00000000        0x0 c:/freescale/kds_3.0.0/toolchain/bin/../lib/gcc/arm-none-eabi/4.8.4/armv6-m/crtbegin.o

.ctors          0x000046d4        0x0
                0x000046d4                __CTOR_LIST__ = .
 *crtbegin.o(.ctors)
 *(EXCLUDE_FILE(*crtend.o) .ctors)
 *(SORT(.ctors.*))
 *(.ctors)
                0x000046d4                __CTOR_END__ = .

.dtors          0x000046d4        0x0
                0x000046d4                __DTOR_LIST__ = .
 *crtbegin.o(.dtors)
 *(EXCLUDE_FILE(*crtend.o) .dtors)
 *(SORT(.dtors.*))
 *(.dtors)
                0x000046d4                __DTOR_END__ = .

.preinit_array  0x000046d4        0x0
                0x000046d4                PROVIDE (__preinit_array_start, .)
 *(.preinit_array*)
                0x000046d4                PROVIDE (__preinit_array_end, .)

.init_array     0x000046d4        0x4
                0x000046d4                PROVIDE (__init_array_start, .)
 *(SORT(.init_array.*))
 *(.init_array*)
 .init_array    0x000046d4        0x4 c:/freescale/kds_3.0.0/toolchain/bin/../lib/gcc/arm-none-eabi/4.8.4/armv6-m/crtbegin.o
                0x000046d8                PROVIDE (__init_array_end, .)

.fini_array     0x000046d8        0x4
                0x000046d8                PROVIDE (__fini_array_start, .)
 *(SORT(.fini_array.*))
 *(.fini_array*)
 .fini_array    0x000046d8        0x4 c:/freescale/kds_3.0.0/toolchain/bin/../lib/gcc/arm-none-eabi/4.8.4/armv6-m/crtbegin.o
                0x000046dc                PROVIDE (__fini_array_end, .)
                0x000046dc                ___ROM_AT = .

.mtb            0x1ffff000        0x0
                0x1ffff000                . = ALIGN (0x8)
                0x1ffff000                _mtb_start = .
 *(.mtb_buf)
                0x1ffff000                . = ALIGN (0x8)
                0x1ffff000                _mtb_end = .

.data           0x1ffff000       0x74 load address 0x000046dc
                0x1ffff000                . = ALIGN (0x4)
                0x1ffff000                _sdata = .
 *(.data)
 *(.data*)
 .data.deltaTime
                0x1ffff000        0x4 ./Sources/Detection.o
 .data.motionThresholdX
                0x1ffff004        0x2 ./Sources/Detection.o
                0x1ffff004                motionThresholdX
 .data.motionThresholdY
                0x1ffff006        0x2 ./Sources/Detection.o
                0x1ffff006                motionThresholdY
 .data.CLS1_currStdIO
                0x1ffff008        0x4 ./Generated_Code/CLS1.o
 .data.xFreeBytesRemaining
                0x1ffff00c        0x4 ./Generated_Code/heap_2.o
 .data.uxCriticalNesting
                0x1ffff010        0x4 ./Generated_Code/port.o
 .data.impure_data
                0x1ffff014       0x60 c:/freescale/kds_3.0.0/toolchain/bin/../lib/gcc/arm-none-eabi/4.8.4/../../../../arm-none-eabi/lib/armv6-m\libg_s.a(lib_a-impure.o)
                0x1ffff074                . = ALIGN (0x4)
                0x1ffff074                _edata = .
                0x00000074                ___data_size = (_edata - _sdata)

.jcr            0x1ffff074        0x0 load address 0x00004750
 .jcr           0x1ffff074        0x0 c:/freescale/kds_3.0.0/toolchain/bin/../lib/gcc/arm-none-eabi/4.8.4/armv6-m/crtbegin.o

.igot.plt       0x1ffff074        0x0 load address 0x00004750
 .igot.plt      0x00000000        0x0 c:/freescale/kds_3.0.0/toolchain/bin/../lib/gcc/arm-none-eabi/4.8.4/armv6-m/crtbegin.o
                0x1ffff074                . = ALIGN (0x4)

.bss            0x1ffff074     0x1cb8 load address 0x00004750
                0x1ffff074                __START_BSS = .
                0x1ffff074                PROVIDE (__bss_start__, __START_BSS)
 *(.bss)
 .bss           0x1ffff074       0x1c c:/freescale/kds_3.0.0/toolchain/bin/../lib/gcc/arm-none-eabi/4.8.4/armv6-m/crtbegin.o
 *(.bss*)
 .bss.rawBufIndex
                0x1ffff090        0x1 ./Sources/Detection.o
                0x1ffff090                rawBufIndex
 .bss.posBufIndex
                0x1ffff091        0x1 ./Sources/Detection.o
                0x1ffff091                posBufIndex
 .bss.posDerBufIndex
                0x1ffff092        0x1 ./Sources/Detection.o
                0x1ffff092                posDerBufIndex
 *fill*         0x1ffff093        0x1 
 .bss.posX      0x1ffff094        0x4 ./Sources/Detection.o
                0x1ffff094                posX
 .bss.posY      0x1ffff098        0x4 ./Sources/Detection.o
                0x1ffff098                posY
 .bss.SerFlag   0x1ffff09c        0x2 ./Generated_Code/AS1.o
 .bss.AS1_InpLen
                0x1ffff09e        0x2 ./Generated_Code/AS1.o
 .bss.InpIndexR
                0x1ffff0a0        0x2 ./Generated_Code/AS1.o
 .bss.InpIndexW
                0x1ffff0a2        0x2 ./Generated_Code/AS1.o
 .bss.InpBuffer
                0x1ffff0a4       0x10 ./Generated_Code/AS1.o
 .bss.BufferRead
                0x1ffff0b4        0x1 ./Generated_Code/AS1.o
 *fill*         0x1ffff0b5        0x1 
 .bss.AS1_OutLen
                0x1ffff0b6        0x2 ./Generated_Code/AS1.o
 .bss.OutIndexR
                0x1ffff0b8        0x2 ./Generated_Code/AS1.o
 .bss.OutIndexW
                0x1ffff0ba        0x2 ./Generated_Code/AS1.o
 .bss.OutBuffer
                0x1ffff0bc       0x10 ./Generated_Code/AS1.o
 .bss.OnFreeTxBufSemaphore
                0x1ffff0cc        0x1 ./Generated_Code/AS1.o
 *fill*         0x1ffff0cd        0x3 
 .bss.DeviceDataPrv__DEFAULT_RTOS_ALLOC
                0x1ffff0d0       0x20 ./Generated_Code/ASerialLdd1.o
 .bss.INT_UART0__BAREBOARD_RTOS_ISRPARAM
                0x1ffff0f0        0x4 ./Generated_Code/ASerialLdd1.o
 .bss.DeviceDataPrv__DEFAULT_RTOS_ALLOC
                0x1ffff0f4        0x4 ./Generated_Code/BitIoLdd1.o
 .bss.DeviceDataPrv__DEFAULT_RTOS_ALLOC
                0x1ffff0f8       0x18 ./Generated_Code/CI2C2.o
 .bss.INT_I2C0__BAREBOARD_RTOS_ISRPARAM
                0x1ffff110        0x4 ./Generated_Code/CI2C2.o
 .bss.SR_lock   0x1ffff114        0x1 ./Generated_Code/Cpu.o
                0x1ffff114                SR_lock
 *fill*         0x1ffff115        0x3 
 .bss.GI2C1_deviceData
                0x1ffff118        0x8 ./Generated_Code/GI2C1.o
 .bss.writeBuf.6769
                0x1ffff120       0x40 ./Generated_Code/GI2C1.o
 .bss.PE_LDD_DeviceDataList
                0x1ffff160        0xc ./Generated_Code/PE_LDD.o
                0x1ffff160                PE_LDD_DeviceDataList
 .bss.TMOUT1_Counters
                0x1ffff16c        0x4 ./Generated_Code/TMOUT1.o
 .bss.TMOUT1_FreeCounters
                0x1ffff170        0x4 ./Generated_Code/TMOUT1.o
 .bss.ucHeap    0x1ffff174     0x1000 ./Generated_Code/heap_2.o
 .bss.xStart    0x20000174        0x8 ./Generated_Code/heap_2.o
 .bss.xEnd      0x2000017c        0x8 ./Generated_Code/heap_2.o
 .bss.xHeapHasBeenInitialised.6930
                0x20000184        0x4 ./Generated_Code/heap_2.o
 .bss.xJumpBuf  0x20000188       0x5c ./Generated_Code/port.o
 .bss.pxCurrentTCB
                0x200001e4        0x4 ./Generated_Code/tasks.o
                0x200001e4                pxCurrentTCB
 .bss.pxReadyTasksLists
                0x200001e8       0x78 ./Generated_Code/tasks.o
 .bss.xDelayedTaskList1
                0x20000260       0x14 ./Generated_Code/tasks.o
 .bss.xDelayedTaskList2
                0x20000274       0x14 ./Generated_Code/tasks.o
 .bss.pxDelayedTaskList
                0x20000288        0x4 ./Generated_Code/tasks.o
 .bss.pxOverflowDelayedTaskList
                0x2000028c        0x4 ./Generated_Code/tasks.o
 .bss.xPendingReadyList
                0x20000290       0x14 ./Generated_Code/tasks.o
 .bss.xSuspendedTaskList
                0x200002a4       0x14 ./Generated_Code/tasks.o
 .bss.uxCurrentNumberOfTasks
                0x200002b8        0x4 ./Generated_Code/tasks.o
 .bss.xTickCount
                0x200002bc        0x4 ./Generated_Code/tasks.o
 .bss.uxTopReadyPriority
                0x200002c0        0x4 ./Generated_Code/tasks.o
 .bss.xSchedulerRunning
                0x200002c4        0x4 ./Generated_Code/tasks.o
 .bss.uxPendedTicks
                0x200002c8        0x4 ./Generated_Code/tasks.o
 .bss.xYieldPending
                0x200002cc        0x4 ./Generated_Code/tasks.o
 .bss.xNumOfOverflows
                0x200002d0        0x4 ./Generated_Code/tasks.o
 .bss.uxTaskNumber
                0x200002d4        0x4 ./Generated_Code/tasks.o
 .bss.xNextTaskUnblockTime
                0x200002d8        0x4 ./Generated_Code/tasks.o
 .bss.uxSchedulerSuspended
                0x200002dc        0x4 ./Generated_Code/tasks.o
 *(COMMON)
 COMMON         0x200002e0       0x1c ./Sources/Application.o
                0x200002e0                io
                0x200002e4                valX
                0x200002e8                valY
                0x200002ec                cap
 COMMON         0x200002fc      0xa28 ./Sources/Detection.o
                0x200002fc                maxNoiseX
                0x200002fe                minNoiseX
                0x20000300                posDerivation
                0x200003a0                minNoiseY
                0x200003a2                maxNoiseY
                0x200003a4                rawData
                0x200009e4                calibData
                0x200009f4                positions
                0x20000d14                derivation
 COMMON         0x20000d24        0x4 ./Generated_Code/AS1.o
                0x20000d24                ASerialLdd1_DeviceDataPtr
 COMMON         0x20000d28        0x1 ./Generated_Code/Cpu.o
                0x20000d28                SR_reg
                0x20000d2c                . = ALIGN (0x4)
 *fill*         0x20000d29        0x3 
                0x20000d2c                __END_BSS = .
                0x20000d2c                PROVIDE (__bss_end__, __END_BSS)
                0x00004750                _romp_at = (___ROM_AT + SIZEOF (.data))

.romp           0x20000d2c       0x18 load address 0x00004750
                0x00004750                __S_romp = _romp_at
                0x20000d2c        0x4 LONG 0x46dc ___ROM_AT
                0x20000d30        0x4 LONG 0x1ffff000 _sdata
                0x20000d34        0x4 LONG 0x74 ___data_size
                0x20000d38        0x4 LONG 0x0
                0x20000d3c        0x4 LONG 0x0
                0x20000d40        0x4 LONG 0x0

._user_heap_stack
                0x20000d44      0x400 load address 0x00004768
                0x20000d44                . = ALIGN (0x4)
                0x20000d44                PROVIDE (end, .)
                0x20000d44                PROVIDE (_end, .)
                0x20000d44                __heap_addr = .
                0x20000d44                __HeapBase = .
                0x20000d44                . = (. + __heap_size)
                0x20000d44                __HeapLimit = .
                0x20001144                . = (. + __stack_size)
 *fill*         0x20000d44      0x400 
                0x20001144                . = ALIGN (0x4)

.ARM.attributes
                0x00000000       0x28
 *(.ARM.attributes)
 .ARM.attributes
                0x00000000       0x1e c:/freescale/kds_3.0.0/toolchain/bin/../lib/gcc/arm-none-eabi/4.8.4/armv6-m/crti.o
 .ARM.attributes
                0x0000001e       0x2c c:/freescale/kds_3.0.0/toolchain/bin/../lib/gcc/arm-none-eabi/4.8.4/armv6-m/crtbegin.o
 .ARM.attributes
                0x0000004a       0x1b c:/freescale/kds_3.0.0/toolchain/bin/../lib/gcc/arm-none-eabi/4.8.4/../../../../arm-none-eabi/lib/armv6-m/crt0.o
 .ARM.attributes
                0x00000065       0x32 ./Sources/Application.o
 .ARM.attributes
                0x00000097       0x32 ./Sources/Detection.o
 .ARM.attributes
                0x000000c9       0x32 ./Sources/Events.o
 .ARM.attributes
                0x000000fb       0x32 ./Sources/FDC1004.o
 .ARM.attributes
                0x0000012d       0x32 ./Sources/main.o
 .ARM.attributes
                0x0000015f       0x32 ./Project_Settings/Startup_Code/startup.o
 .ARM.attributes
                0x00000191       0x32 ./Generated_Code/AS1.o
 .ARM.attributes
                0x000001c3       0x32 ./Generated_Code/ASerialLdd1.o
 .ARM.attributes
                0x000001f5       0x32 ./Generated_Code/BitIoLdd1.o
 .ARM.attributes
                0x00000227       0x32 ./Generated_Code/CI2C2.o
 .ARM.attributes
                0x00000259       0x32 ./Generated_Code/CLS1.o
 .ARM.attributes
                0x0000028b       0x32 ./Generated_Code/Cpu.o
 .ARM.attributes
                0x000002bd       0x32 ./Generated_Code/GI2C1.o
 .ARM.attributes
                0x000002ef       0x32 ./Generated_Code/PE_LDD.o
 .ARM.attributes
                0x00000321       0x32 ./Generated_Code/TMOUT1.o
 .ARM.attributes
                0x00000353       0x32 ./Generated_Code/Vectors.o
 .ARM.attributes
                0x00000385       0x32 ./Generated_Code/heap_2.o
 .ARM.attributes
                0x000003b7       0x32 ./Generated_Code/list.o
 .ARM.attributes
                0x000003e9       0x32 ./Generated_Code/port.o
 .ARM.attributes
                0x0000041b       0x32 ./Generated_Code/tasks.o
 .ARM.attributes
                0x0000044d       0x1e c:/freescale/kds_3.0.0/toolchain/bin/../lib/gcc/arm-none-eabi/4.8.4/armv6-m\libgcc.a(_divsi3.o)
 .ARM.attributes
                0x0000046b       0x1e c:/freescale/kds_3.0.0/toolchain/bin/../lib/gcc/arm-none-eabi/4.8.4/armv6-m\libgcc.a(_dvmd_tls.o)
 .ARM.attributes
                0x00000489       0x1e c:/freescale/kds_3.0.0/toolchain/bin/../lib/gcc/arm-none-eabi/4.8.4/armv6-m\libgcc.a(_arm_cmpsf2.o)
 .ARM.attributes
                0x000004a7       0x2c c:/freescale/kds_3.0.0/toolchain/bin/../lib/gcc/arm-none-eabi/4.8.4/armv6-m\libgcc.a(addsf3.o)
 .ARM.attributes
                0x000004d3       0x2c c:/freescale/kds_3.0.0/toolchain/bin/../lib/gcc/arm-none-eabi/4.8.4/armv6-m\libgcc.a(divsf3.o)
 .ARM.attributes
                0x000004ff       0x2c c:/freescale/kds_3.0.0/toolchain/bin/../lib/gcc/arm-none-eabi/4.8.4/armv6-m\libgcc.a(eqsf2.o)
 .ARM.attributes
                0x0000052b       0x2c c:/freescale/kds_3.0.0/toolchain/bin/../lib/gcc/arm-none-eabi/4.8.4/armv6-m\libgcc.a(gesf2.o)
 .ARM.attributes
                0x00000557       0x2c c:/freescale/kds_3.0.0/toolchain/bin/../lib/gcc/arm-none-eabi/4.8.4/armv6-m\libgcc.a(lesf2.o)
 .ARM.attributes
                0x00000583       0x2c c:/freescale/kds_3.0.0/toolchain/bin/../lib/gcc/arm-none-eabi/4.8.4/armv6-m\libgcc.a(mulsf3.o)
 .ARM.attributes
                0x000005af       0x2c c:/freescale/kds_3.0.0/toolchain/bin/../lib/gcc/arm-none-eabi/4.8.4/armv6-m\libgcc.a(subsf3.o)
 .ARM.attributes
                0x000005db       0x2c c:/freescale/kds_3.0.0/toolchain/bin/../lib/gcc/arm-none-eabi/4.8.4/armv6-m\libgcc.a(fixsfsi.o)
 .ARM.attributes
                0x00000607       0x2c c:/freescale/kds_3.0.0/toolchain/bin/../lib/gcc/arm-none-eabi/4.8.4/armv6-m\libgcc.a(floatsisf.o)
 .ARM.attributes
                0x00000633       0x1e c:/freescale/kds_3.0.0/toolchain/bin/../lib/gcc/arm-none-eabi/4.8.4/armv6-m\libgcc.a(_clzsi2.o)
 .ARM.attributes
                0x00000651       0x2c c:/freescale/kds_3.0.0/toolchain/bin/../lib/gcc/arm-none-eabi/4.8.4/../../../../arm-none-eabi/lib/armv6-m\libg_s.a(lib_a-exit.o)
 .ARM.attributes
                0x0000067d       0x2c c:/freescale/kds_3.0.0/toolchain/bin/../lib/gcc/arm-none-eabi/4.8.4/../../../../arm-none-eabi/lib/armv6-m\libg_s.a(lib_a-impure.o)
 .ARM.attributes
                0x000006a9       0x2c c:/freescale/kds_3.0.0/toolchain/bin/../lib/gcc/arm-none-eabi/4.8.4/../../../../arm-none-eabi/lib/armv6-m\libg_s.a(lib_a-init.o)
 .ARM.attributes
                0x000006d5       0x2c c:/freescale/kds_3.0.0/toolchain/bin/../lib/gcc/arm-none-eabi/4.8.4/../../../../arm-none-eabi/lib/armv6-m\libg_s.a(lib_a-memset.o)
 .ARM.attributes
                0x00000701       0x1c c:/freescale/kds_3.0.0/toolchain/bin/../lib/gcc/arm-none-eabi/4.8.4/../../../../arm-none-eabi/lib/armv6-m\libg_s.a(lib_a-setjmp.o)
 .ARM.attributes
                0x0000071d       0x2c c:/freescale/kds_3.0.0/toolchain/bin/../lib/gcc/arm-none-eabi/4.8.4/../../../../arm-none-eabi/lib/armv6-m\libnosys.a(_exit.o)
 .ARM.attributes
                0x00000749       0x1e c:/freescale/kds_3.0.0/toolchain/bin/../lib/gcc/arm-none-eabi/4.8.4/armv6-m/crtn.o
OUTPUT(BDA_3D.elf elf32-littlearm)

.debug_info     0x00000000     0x6122
 .debug_info    0x00000000      0x41d ./Sources/Application.o
 .debug_info    0x0000041d      0x4da ./Sources/Detection.o
 .debug_info    0x000008f7      0x174 ./Sources/Events.o
 .debug_info    0x00000a6b      0x3c9 ./Sources/FDC1004.o
 .debug_info    0x00000e34       0x9a ./Sources/main.o
 .debug_info    0x00000ece      0x20a ./Project_Settings/Startup_Code/startup.o
 .debug_info    0x000010d8      0x509 ./Generated_Code/AS1.o
 .debug_info    0x000015e1      0x7ba ./Generated_Code/ASerialLdd1.o
 .debug_info    0x00001d9b      0x372 ./Generated_Code/BitIoLdd1.o
 .debug_info    0x0000210d      0x7d7 ./Generated_Code/CI2C2.o
 .debug_info    0x000028e4      0x9a0 ./Generated_Code/CLS1.o
 .debug_info    0x00003284      0x877 ./Generated_Code/Cpu.o
 .debug_info    0x00003afb      0x5d9 ./Generated_Code/GI2C1.o
 .debug_info    0x000040d4      0x251 ./Generated_Code/PE_LDD.o
 .debug_info    0x00004325      0x2c1 ./Generated_Code/TMOUT1.o
 .debug_info    0x000045e6      0x10e ./Generated_Code/Vectors.o
 .debug_info    0x000046f4      0x2e9 ./Generated_Code/heap_2.o
 .debug_info    0x000049dd      0x2a8 ./Generated_Code/list.o
 .debug_info    0x00004c85      0x275 ./Generated_Code/port.o
 .debug_info    0x00004efa     0x1228 ./Generated_Code/tasks.o

.debug_abbrev   0x00000000     0x191d
 .debug_abbrev  0x00000000      0x1b1 ./Sources/Application.o
 .debug_abbrev  0x000001b1      0x134 ./Sources/Detection.o
 .debug_abbrev  0x000002e5       0x8b ./Sources/Events.o
 .debug_abbrev  0x00000370      0x106 ./Sources/FDC1004.o
 .debug_abbrev  0x00000476       0x47 ./Sources/main.o
 .debug_abbrev  0x000004bd      0x11e ./Project_Settings/Startup_Code/startup.o
 .debug_abbrev  0x000005db      0x1d6 ./Generated_Code/AS1.o
 .debug_abbrev  0x000007b1      0x1af ./Generated_Code/ASerialLdd1.o
 .debug_abbrev  0x00000960      0x127 ./Generated_Code/BitIoLdd1.o
 .debug_abbrev  0x00000a87      0x1b8 ./Generated_Code/CI2C2.o
 .debug_abbrev  0x00000c3f      0x1c2 ./Generated_Code/CLS1.o
 .debug_abbrev  0x00000e01      0x15f ./Generated_Code/Cpu.o
 .debug_abbrev  0x00000f60      0x1eb ./Generated_Code/GI2C1.o
 .debug_abbrev  0x0000114b      0x10d ./Generated_Code/PE_LDD.o
 .debug_abbrev  0x00001258       0xaf ./Generated_Code/TMOUT1.o
 .debug_abbrev  0x00001307       0xa4 ./Generated_Code/Vectors.o
 .debug_abbrev  0x000013ab      0x155 ./Generated_Code/heap_2.o
 .debug_abbrev  0x00001500       0xc1 ./Generated_Code/list.o
 .debug_abbrev  0x000015c1      0x10c ./Generated_Code/port.o
 .debug_abbrev  0x000016cd      0x250 ./Generated_Code/tasks.o

.debug_aranges  0x00000000      0x860
 .debug_aranges
                0x00000000       0x58 ./Sources/Application.o
 .debug_aranges
                0x00000058       0x68 ./Sources/Detection.o
 .debug_aranges
                0x000000c0       0x70 ./Sources/Events.o
 .debug_aranges
                0x00000130       0x48 ./Sources/FDC1004.o
 .debug_aranges
                0x00000178       0x20 ./Sources/main.o
 .debug_aranges
                0x00000198       0x50 ./Project_Settings/Startup_Code/startup.o
 .debug_aranges
                0x000001e8       0x88 ./Generated_Code/AS1.o
 .debug_aranges
                0x00000270       0x50 ./Generated_Code/ASerialLdd1.o
 .debug_aranges
                0x000002c0       0x40 ./Generated_Code/BitIoLdd1.o
 .debug_aranges
                0x00000300       0x48 ./Generated_Code/CI2C2.o
 .debug_aranges
                0x00000348      0x108 ./Generated_Code/CLS1.o
 .debug_aranges
                0x00000450       0x40 ./Generated_Code/Cpu.o
 .debug_aranges
                0x00000490       0xa0 ./Generated_Code/GI2C1.o
 .debug_aranges
                0x00000530       0x30 ./Generated_Code/PE_LDD.o
 .debug_aranges
                0x00000560       0x50 ./Generated_Code/TMOUT1.o
 .debug_aranges
                0x000005b0       0x18 ./Generated_Code/Vectors.o
 .debug_aranges
                0x000005c8       0x40 ./Generated_Code/heap_2.o
 .debug_aranges
                0x00000608       0x40 ./Generated_Code/list.o
 .debug_aranges
                0x00000648       0x90 ./Generated_Code/port.o
 .debug_aranges
                0x000006d8      0x188 ./Generated_Code/tasks.o

.debug_ranges   0x00000000      0x718
 .debug_ranges  0x00000000       0x48 ./Sources/Application.o
 .debug_ranges  0x00000048       0x58 ./Sources/Detection.o
 .debug_ranges  0x000000a0       0x60 ./Sources/Events.o
 .debug_ranges  0x00000100       0x38 ./Sources/FDC1004.o
 .debug_ranges  0x00000138       0x10 ./Sources/main.o
 .debug_ranges  0x00000148       0x40 ./Project_Settings/Startup_Code/startup.o
 .debug_ranges  0x00000188       0x78 ./Generated_Code/AS1.o
 .debug_ranges  0x00000200       0x40 ./Generated_Code/ASerialLdd1.o
 .debug_ranges  0x00000240       0x30 ./Generated_Code/BitIoLdd1.o
 .debug_ranges  0x00000270       0x38 ./Generated_Code/CI2C2.o
 .debug_ranges  0x000002a8       0xf8 ./Generated_Code/CLS1.o
 .debug_ranges  0x000003a0       0x30 ./Generated_Code/Cpu.o
 .debug_ranges  0x000003d0       0x90 ./Generated_Code/GI2C1.o
 .debug_ranges  0x00000460       0x20 ./Generated_Code/PE_LDD.o
 .debug_ranges  0x00000480       0x40 ./Generated_Code/TMOUT1.o
 .debug_ranges  0x000004c0       0x30 ./Generated_Code/heap_2.o
 .debug_ranges  0x000004f0       0x30 ./Generated_Code/list.o
 .debug_ranges  0x00000520       0x80 ./Generated_Code/port.o
 .debug_ranges  0x000005a0      0x178 ./Generated_Code/tasks.o

.debug_macro    0x00000000    0x17e23
 .debug_macro   0x00000000      0x2d0 ./Sources/Application.o
 .debug_macro   0x000002d0      0x802 ./Sources/Application.o
 .debug_macro   0x00000ad2       0x22 ./Sources/Application.o
 .debug_macro   0x00000af4       0x16 ./Sources/Application.o
 .debug_macro   0x00000b0a       0x44 ./Sources/Application.o
 .debug_macro   0x00000b4e      0x209 ./Sources/Application.o
 .debug_macro   0x00000d57     0x1583 ./Sources/Application.o
 .debug_macro   0x000022da      0x14e ./Sources/Application.o
 .debug_macro   0x00002428       0x64 ./Sources/Application.o
 .debug_macro   0x0000248c     0x6691 ./Sources/Application.o
 .debug_macro   0x00008b1d       0xa6 ./Sources/Application.o
 .debug_macro   0x00008bc3      0x166 ./Sources/Application.o
 .debug_macro   0x00008d29       0x98 ./Sources/Application.o
 .debug_macro   0x00008dc1       0x94 ./Sources/Application.o
 .debug_macro   0x00008e55      0x12c ./Sources/Application.o
 .debug_macro   0x00008f81       0x40 ./Sources/Application.o
 .debug_macro   0x00008fc1       0x1f ./Sources/Application.o
 .debug_macro   0x00008fe0       0x47 ./Sources/Application.o
 .debug_macro   0x00009027      0x27e ./Sources/Application.o
 .debug_macro   0x000092a5      0x15d ./Sources/Application.o
 .debug_macro   0x00009402       0xce ./Sources/Application.o
 .debug_macro   0x000094d0       0x10 ./Sources/Application.o
 .debug_macro   0x000094e0       0x1f ./Sources/Application.o
 .debug_macro   0x000094ff       0xc0 ./Sources/Application.o
 .debug_macro   0x000095bf       0x9a ./Sources/Application.o
 .debug_macro   0x00009659      0x368 ./Sources/Application.o
 .debug_macro   0x000099c1       0x37 ./Sources/Application.o
 .debug_macro   0x000099f8       0x58 ./Sources/Application.o
 .debug_macro   0x00009a50       0x35 ./Sources/Application.o
 .debug_macro   0x00009a85       0xa3 ./Sources/Application.o
 .debug_macro   0x00009b28       0x52 ./Sources/Application.o
 .debug_macro   0x00009b7a       0x16 ./Sources/Application.o
 .debug_macro   0x00009b90       0x43 ./Sources/Application.o
 .debug_macro   0x00009bd3      0x180 ./Sources/Application.o
 .debug_macro   0x00009d53      0x2a6 ./Sources/Application.o
 .debug_macro   0x00009ff9       0x10 ./Sources/Application.o
 .debug_macro   0x0000a009       0x35 ./Sources/Application.o
 .debug_macro   0x0000a03e       0x19 ./Sources/Application.o
 .debug_macro   0x0000a057       0xb0 ./Sources/Application.o
 .debug_macro   0x0000a107       0x7f ./Sources/Application.o
 .debug_macro   0x0000a186       0x97 ./Sources/Application.o
 .debug_macro   0x0000a21d       0x19 ./Sources/Application.o
 .debug_macro   0x0000a236      0x2ab ./Sources/Application.o
 .debug_macro   0x0000a4e1       0x1c ./Sources/Application.o
 .debug_macro   0x0000a4fd       0x10 ./Sources/Application.o
 .debug_macro   0x0000a50d       0x10 ./Sources/Application.o
 .debug_macro   0x0000a51d       0x22 ./Sources/Application.o
 .debug_macro   0x0000a53f       0xbd ./Sources/Application.o
 .debug_macro   0x0000a5fc       0x16 ./Sources/Application.o
 .debug_macro   0x0000a612      0x14a ./Sources/Application.o
 .debug_macro   0x0000a75c      0x244 ./Sources/Detection.o
 .debug_macro   0x0000a9a0       0x2e ./Sources/Detection.o
 .debug_macro   0x0000a9ce      0x2e3 ./Sources/Events.o
 .debug_macro   0x0000acb1     0x157d ./Sources/Events.o
 .debug_macro   0x0000c22e       0xa0 ./Sources/Events.o
 .debug_macro   0x0000c2ce       0x43 ./Sources/Events.o
 .debug_macro   0x0000c311       0x16 ./Sources/Events.o
 .debug_macro   0x0000c327       0x65 ./Sources/Events.o
 .debug_macro   0x0000c38c       0x20 ./Sources/Events.o
 .debug_macro   0x0000c3ac       0x1c ./Sources/Events.o
 .debug_macro   0x0000c3c8      0x247 ./Sources/FDC1004.o
 .debug_macro   0x0000c60f      0x2ec ./Sources/main.o
 .debug_macro   0x0000c8fb      0x121 ./Project_Settings/Startup_Code/startup.o
 .debug_macro   0x0000ca1c       0x4a ./Project_Settings/Startup_Code/startup.o
 .debug_macro   0x0000ca66       0x16 ./Project_Settings/Startup_Code/startup.o
 .debug_macro   0x0000ca7c       0x22 ./Project_Settings/Startup_Code/startup.o
 .debug_macro   0x0000ca9e       0x10 ./Project_Settings/Startup_Code/startup.o
 .debug_macro   0x0000caae      0x20f ./Project_Settings/Startup_Code/startup.o
 .debug_macro   0x0000ccbd     0x6685 ./Project_Settings/Startup_Code/startup.o
 .debug_macro   0x00013342      0x36c ./Generated_Code/AS1.o
 .debug_macro   0x000136ae       0x5f ./Generated_Code/AS1.o
 .debug_macro   0x0001370d      0x133 ./Generated_Code/ASerialLdd1.o
 .debug_macro   0x00013840     0x1577 ./Generated_Code/ASerialLdd1.o
 .debug_macro   0x00014db7       0x26 ./Generated_Code/ASerialLdd1.o
 .debug_macro   0x00014ddd      0x2fd ./Generated_Code/ASerialLdd1.o
 .debug_macro   0x000150da      0x99c ./Generated_Code/ASerialLdd1.o
 .debug_macro   0x00015a76      0x114 ./Generated_Code/BitIoLdd1.o
 .debug_macro   0x00015b8a      0x169 ./Generated_Code/CI2C2.o
 .debug_macro   0x00015cf3      0x4e4 ./Generated_Code/CI2C2.o
 .debug_macro   0x000161d7      0x295 ./Generated_Code/CI2C2.o
 .debug_macro   0x0001646c      0x201 ./Generated_Code/CLS1.o
 .debug_macro   0x0001666d       0x8e ./Generated_Code/CLS1.o
 .debug_macro   0x000166fb      0x2ef ./Generated_Code/Cpu.o
 .debug_macro   0x000169ea       0x22 ./Generated_Code/Cpu.o
 .debug_macro   0x00016a0c      0x2dd ./Generated_Code/GI2C1.o
 .debug_macro   0x00016ce9      0x2a1 ./Generated_Code/PE_LDD.o
 .debug_macro   0x00016f8a       0xa3 ./Generated_Code/TMOUT1.o
 .debug_macro   0x0001702d      0x2eb ./Generated_Code/Vectors.o
 .debug_macro   0x00017318      0x323 ./Generated_Code/heap_2.o
 .debug_macro   0x0001763b      0x155 ./Generated_Code/list.o
 .debug_macro   0x00017790      0x231 ./Generated_Code/port.o
 .debug_macro   0x000179c1       0xc8 ./Generated_Code/port.o
 .debug_macro   0x00017a89      0x384 ./Generated_Code/tasks.o
 .debug_macro   0x00017e0d       0x16 ./Generated_Code/tasks.o

.debug_line     0x00000000     0x6c98
 .debug_line    0x00000000      0x5eb ./Sources/Application.o
 .debug_line    0x000005eb      0x548 ./Sources/Detection.o
 .debug_line    0x00000b33      0x565 ./Sources/Events.o
 .debug_line    0x00001098      0x4eb ./Sources/FDC1004.o
 .debug_line    0x00001583      0x4c9 ./Sources/main.o
 .debug_line    0x00001a4c      0x3c1 ./Project_Settings/Startup_Code/startup.o
 .debug_line    0x00001e0d      0x759 ./Generated_Code/AS1.o
 .debug_line    0x00002566      0x3e7 ./Generated_Code/ASerialLdd1.o
 .debug_line    0x0000294d      0x346 ./Generated_Code/BitIoLdd1.o
 .debug_line    0x00002c93      0x438 ./Generated_Code/CI2C2.o
 .debug_line    0x000030cb      0x69c ./Generated_Code/CLS1.o
 .debug_line    0x00003767      0x642 ./Generated_Code/Cpu.o
 .debug_line    0x00003da9      0x6c0 ./Generated_Code/GI2C1.o
 .debug_line    0x00004469      0x4be ./Generated_Code/PE_LDD.o
 .debug_line    0x00004927      0x2cc ./Generated_Code/TMOUT1.o
 .debug_line    0x00004bf3      0x5a1 ./Generated_Code/Vectors.o
 .debug_line    0x00005194      0x5d6 ./Generated_Code/heap_2.o
 .debug_line    0x0000576a      0x30c ./Generated_Code/list.o
 .debug_line    0x00005a76      0x420 ./Generated_Code/port.o
 .debug_line    0x00005e96      0xe02 ./Generated_Code/tasks.o

.debug_str      0x00000000    0x4ca45
 .debug_str     0x00000000    0x37896 ./Sources/Application.o
                              0x37d4e (size before relaxing)
 .debug_str     0x00037896      0x453 ./Sources/Detection.o
                              0x3611b (size before relaxing)
 .debug_str     0x00037ce9      0x548 ./Sources/Events.o
                              0x37801 (size before relaxing)
 .debug_str     0x00038231      0x1f0 ./Sources/FDC1004.o
                              0x363d7 (size before relaxing)
 .debug_str     0x00038421       0x17 ./Sources/main.o
                              0x3774f (size before relaxing)
 .debug_str     0x00038438      0x1ab ./Project_Settings/Startup_Code/startup.o
                              0x27302 (size before relaxing)
 .debug_str     0x000385e3      0x32d ./Generated_Code/AS1.o
                              0x37a8a (size before relaxing)
 .debug_str     0x00038910     0xac11 ./Generated_Code/ASerialLdd1.o
                              0x3ad59 (size before relaxing)
 .debug_str     0x00043521       0xe4 ./Generated_Code/BitIoLdd1.o
                              0x309d6 (size before relaxing)
 .debug_str     0x00043605     0x67f9 ./Generated_Code/CI2C2.o
                              0x36db1 (size before relaxing)
 .debug_str     0x00049dfe      0x721 ./Generated_Code/CLS1.o
                              0x32e72 (size before relaxing)
 .debug_str     0x0004a51f      0x1aa ./Generated_Code/Cpu.o
                              0x37a37 (size before relaxing)
 .debug_str     0x0004a6c9      0x275 ./Generated_Code/GI2C1.o
                              0x37a30 (size before relaxing)
 .debug_str     0x0004a93e      0x177 ./Generated_Code/PE_LDD.o
                              0x378b7 (size before relaxing)
 .debug_str     0x0004aab5       0xfc ./Generated_Code/TMOUT1.o
                              0x2be78 (size before relaxing)
 .debug_str     0x0004abb1       0x1c ./Generated_Code/Vectors.o
                              0x37755 (size before relaxing)
 .debug_str     0x0004abcd      0x39e ./Generated_Code/heap_2.o
                              0x37b61 (size before relaxing)
 .debug_str     0x0004af6b      0x124 ./Generated_Code/list.o
                               0xe66b (size before relaxing)
 .debug_str     0x0004b08f      0x9f4 ./Generated_Code/port.o
                              0x3079e (size before relaxing)
 .debug_str     0x0004ba83      0xfc2 ./Generated_Code/tasks.o
                              0x38923 (size before relaxing)

.comment        0x00000000       0x70
 .comment       0x00000000       0x70 ./Sources/Application.o
                                 0x71 (size before relaxing)
 .comment       0x00000000       0x71 ./Sources/Detection.o
 .comment       0x00000000       0x71 ./Sources/Events.o
 .comment       0x00000000       0x71 ./Sources/FDC1004.o
 .comment       0x00000000       0x71 ./Sources/main.o
 .comment       0x00000000       0x71 ./Project_Settings/Startup_Code/startup.o
 .comment       0x00000000       0x71 ./Generated_Code/AS1.o
 .comment       0x00000000       0x71 ./Generated_Code/ASerialLdd1.o
 .comment       0x00000000       0x71 ./Generated_Code/BitIoLdd1.o
 .comment       0x00000000       0x71 ./Generated_Code/CI2C2.o
 .comment       0x00000000       0x71 ./Generated_Code/CLS1.o
 .comment       0x00000000       0x71 ./Generated_Code/Cpu.o
 .comment       0x00000000       0x71 ./Generated_Code/GI2C1.o
 .comment       0x00000000       0x71 ./Generated_Code/PE_LDD.o
 .comment       0x00000000       0x71 ./Generated_Code/TMOUT1.o
 .comment       0x00000000       0x71 ./Generated_Code/Vectors.o
 .comment       0x00000000       0x71 ./Generated_Code/heap_2.o
 .comment       0x00000000       0x71 ./Generated_Code/list.o
 .comment       0x00000000       0x71 ./Generated_Code/port.o
 .comment       0x00000000       0x71 ./Generated_Code/tasks.o

.debug_frame    0x00000000     0x1c8c
 .debug_frame   0x00000000      0x108 ./Sources/Application.o
 .debug_frame   0x00000108      0x154 ./Sources/Detection.o
 .debug_frame   0x0000025c      0x148 ./Sources/Events.o
 .debug_frame   0x000003a4       0xd0 ./Sources/FDC1004.o
 .debug_frame   0x00000474       0x2c ./Sources/main.o
 .debug_frame   0x000004a0       0xd0 ./Project_Settings/Startup_Code/startup.o
 .debug_frame   0x00000570      0x1c4 ./Generated_Code/AS1.o
 .debug_frame   0x00000734       0xf8 ./Generated_Code/ASerialLdd1.o
 .debug_frame   0x0000082c       0xb0 ./Generated_Code/BitIoLdd1.o
 .debug_frame   0x000008dc       0xd0 ./Generated_Code/CI2C2.o
 .debug_frame   0x000009ac      0x3b8 ./Generated_Code/CLS1.o
 .debug_frame   0x00000d64       0x9c ./Generated_Code/Cpu.o
 .debug_frame   0x00000e00      0x218 ./Generated_Code/GI2C1.o
 .debug_frame   0x00001018       0x6c ./Generated_Code/PE_LDD.o
 .debug_frame   0x00001084       0xf0 ./Generated_Code/TMOUT1.o
 .debug_frame   0x00001174       0xa8 ./Generated_Code/heap_2.o
 .debug_frame   0x0000121c       0xb0 ./Generated_Code/list.o
 .debug_frame   0x000012cc      0x1a4 ./Generated_Code/port.o
 .debug_frame   0x00001470      0x5b8 ./Generated_Code/tasks.o
 .debug_frame   0x00001a28       0x20 c:/freescale/kds_3.0.0/toolchain/bin/../lib/gcc/arm-none-eabi/4.8.4/armv6-m\libgcc.a(_divsi3.o)
 .debug_frame   0x00001a48       0x30 c:/freescale/kds_3.0.0/toolchain/bin/../lib/gcc/arm-none-eabi/4.8.4/armv6-m\libgcc.a(addsf3.o)
 .debug_frame   0x00001a78       0x3c c:/freescale/kds_3.0.0/toolchain/bin/../lib/gcc/arm-none-eabi/4.8.4/armv6-m\libgcc.a(divsf3.o)
 .debug_frame   0x00001ab4       0x2c c:/freescale/kds_3.0.0/toolchain/bin/../lib/gcc/arm-none-eabi/4.8.4/armv6-m\libgcc.a(eqsf2.o)
 .debug_frame   0x00001ae0       0x30 c:/freescale/kds_3.0.0/toolchain/bin/../lib/gcc/arm-none-eabi/4.8.4/armv6-m\libgcc.a(gesf2.o)
 .debug_frame   0x00001b10       0x30 c:/freescale/kds_3.0.0/toolchain/bin/../lib/gcc/arm-none-eabi/4.8.4/armv6-m\libgcc.a(lesf2.o)
 .debug_frame   0x00001b40       0x3c c:/freescale/kds_3.0.0/toolchain/bin/../lib/gcc/arm-none-eabi/4.8.4/armv6-m\libgcc.a(mulsf3.o)
 .debug_frame   0x00001b7c       0x30 c:/freescale/kds_3.0.0/toolchain/bin/../lib/gcc/arm-none-eabi/4.8.4/armv6-m\libgcc.a(subsf3.o)
 .debug_frame   0x00001bac       0x20 c:/freescale/kds_3.0.0/toolchain/bin/../lib/gcc/arm-none-eabi/4.8.4/armv6-m\libgcc.a(fixsfsi.o)
 .debug_frame   0x00001bcc       0x2c c:/freescale/kds_3.0.0/toolchain/bin/../lib/gcc/arm-none-eabi/4.8.4/armv6-m\libgcc.a(floatsisf.o)
 .debug_frame   0x00001bf8       0x28 c:/freescale/kds_3.0.0/toolchain/bin/../lib/gcc/arm-none-eabi/4.8.4/../../../../arm-none-eabi/lib/armv6-m\libg_s.a(lib_a-exit.o)
 .debug_frame   0x00001c20       0x2c c:/freescale/kds_3.0.0/toolchain/bin/../lib/gcc/arm-none-eabi/4.8.4/../../../../arm-none-eabi/lib/armv6-m\libg_s.a(lib_a-init.o)
 .debug_frame   0x00001c4c       0x20 c:/freescale/kds_3.0.0/toolchain/bin/../lib/gcc/arm-none-eabi/4.8.4/../../../../arm-none-eabi/lib/armv6-m\libg_s.a(lib_a-memset.o)
 .debug_frame   0x00001c6c       0x20 c:/freescale/kds_3.0.0/toolchain/bin/../lib/gcc/arm-none-eabi/4.8.4/../../../../arm-none-eabi/lib/armv6-m\libnosys.a(_exit.o)
