Archive member included because of file (symbol)

c:/freescale/kds_3.0.0/toolchain/bin/../lib/gcc/arm-none-eabi/4.8.4/armv6-m\libgcc.a(_udivsi3.o)
                              ./Generated_Code/GI2C1.o (__aeabi_uidiv)
c:/freescale/kds_3.0.0/toolchain/bin/../lib/gcc/arm-none-eabi/4.8.4/armv6-m\libgcc.a(_divsi3.o)
                              ./Generated_Code/UTIL1.o (__aeabi_idiv)
c:/freescale/kds_3.0.0/toolchain/bin/../lib/gcc/arm-none-eabi/4.8.4/armv6-m\libgcc.a(_dvmd_tls.o)
                              c:/freescale/kds_3.0.0/toolchain/bin/../lib/gcc/arm-none-eabi/4.8.4/armv6-m\libgcc.a(_udivsi3.o) (__aeabi_idiv0)
c:/freescale/kds_3.0.0/toolchain/bin/../lib/gcc/arm-none-eabi/4.8.4/../../../../arm-none-eabi/lib/armv6-m\libg_s.a(lib_a-exit.o)
                              c:/freescale/kds_3.0.0/toolchain/bin/../lib/gcc/arm-none-eabi/4.8.4/../../../../arm-none-eabi/lib/armv6-m/crt0.o (exit)
c:/freescale/kds_3.0.0/toolchain/bin/../lib/gcc/arm-none-eabi/4.8.4/../../../../arm-none-eabi/lib/armv6-m\libg_s.a(lib_a-impure.o)
                              c:/freescale/kds_3.0.0/toolchain/bin/../lib/gcc/arm-none-eabi/4.8.4/../../../../arm-none-eabi/lib/armv6-m\libg_s.a(lib_a-exit.o) (_global_impure_ptr)
c:/freescale/kds_3.0.0/toolchain/bin/../lib/gcc/arm-none-eabi/4.8.4/../../../../arm-none-eabi/lib/armv6-m\libg_s.a(lib_a-init.o)
                              c:/freescale/kds_3.0.0/toolchain/bin/../lib/gcc/arm-none-eabi/4.8.4/../../../../arm-none-eabi/lib/armv6-m/crt0.o (__libc_init_array)
c:/freescale/kds_3.0.0/toolchain/bin/../lib/gcc/arm-none-eabi/4.8.4/../../../../arm-none-eabi/lib/armv6-m\libg_s.a(lib_a-memcpy-stub.o)
                              ./Generated_Code/queue.o (memcpy)
c:/freescale/kds_3.0.0/toolchain/bin/../lib/gcc/arm-none-eabi/4.8.4/../../../../arm-none-eabi/lib/armv6-m\libg_s.a(lib_a-memset.o)
                              c:/freescale/kds_3.0.0/toolchain/bin/../lib/gcc/arm-none-eabi/4.8.4/../../../../arm-none-eabi/lib/armv6-m/crt0.o (memset)
c:/freescale/kds_3.0.0/toolchain/bin/../lib/gcc/arm-none-eabi/4.8.4/../../../../arm-none-eabi/lib/armv6-m\libg_s.a(lib_a-setjmp.o)
                              ./Generated_Code/port.o (setjmp)
c:/freescale/kds_3.0.0/toolchain/bin/../lib/gcc/arm-none-eabi/4.8.4/../../../../arm-none-eabi/lib/armv6-m\libg_s.a(lib_a-strchr.o)
                              ./Generated_Code/UTIL1.o (strchr)
c:/freescale/kds_3.0.0/toolchain/bin/../lib/gcc/arm-none-eabi/4.8.4/../../../../arm-none-eabi/lib/armv6-m\libg_s.a(lib_a-strcmp.o)
                              ./Generated_Code/CLS1.o (strcmp)
c:/freescale/kds_3.0.0/toolchain/bin/../lib/gcc/arm-none-eabi/4.8.4/../../../../arm-none-eabi/lib/armv6-m\libg_s.a(lib_a-strlen.o)
                              ./Generated_Code/CLS1.o (strlen)
c:/freescale/kds_3.0.0/toolchain/bin/../lib/gcc/arm-none-eabi/4.8.4/../../../../arm-none-eabi/lib/armv6-m\libg_s.a(lib_a-strncmp.o)
                              ./Generated_Code/UTIL1.o (strncmp)
c:/freescale/kds_3.0.0/toolchain/bin/../lib/gcc/arm-none-eabi/4.8.4/../../../../arm-none-eabi/lib/armv6-m\libnosys.a(_exit.o)
                              c:/freescale/kds_3.0.0/toolchain/bin/../lib/gcc/arm-none-eabi/4.8.4/../../../../arm-none-eabi/lib/armv6-m\libg_s.a(lib_a-exit.o) (_exit)

Allocating common symbols
Common symbol       size              file

ASerialLdd1_DeviceDataPtr
                    0x4               ./Generated_Code/AS1.o
io                  0x4               ./Sources/Application.o
SR_reg              0x1               ./Generated_Code/Cpu.o
cap                 0x10              ./Sources/Application.o

Discarded input sections

 .text          0x00000000        0x0 c:/freescale/kds_3.0.0/toolchain/bin/../lib/gcc/arm-none-eabi/4.8.4/armv6-m/crti.o
 .data          0x00000000        0x0 c:/freescale/kds_3.0.0/toolchain/bin/../lib/gcc/arm-none-eabi/4.8.4/armv6-m/crti.o
 .bss           0x00000000        0x0 c:/freescale/kds_3.0.0/toolchain/bin/../lib/gcc/arm-none-eabi/4.8.4/armv6-m/crti.o
 .data          0x00000000        0x4 c:/freescale/kds_3.0.0/toolchain/bin/../lib/gcc/arm-none-eabi/4.8.4/armv6-m/crtbegin.o
 .data          0x00000000        0x0 c:/freescale/kds_3.0.0/toolchain/bin/../lib/gcc/arm-none-eabi/4.8.4/../../../../arm-none-eabi/lib/armv6-m/crt0.o
 .bss           0x00000000        0x0 c:/freescale/kds_3.0.0/toolchain/bin/../lib/gcc/arm-none-eabi/4.8.4/../../../../arm-none-eabi/lib/armv6-m/crt0.o
 .ARM.extab     0x00000000        0x0 c:/freescale/kds_3.0.0/toolchain/bin/../lib/gcc/arm-none-eabi/4.8.4/../../../../arm-none-eabi/lib/armv6-m/crt0.o
 .group         0x00000000        0x8 ./Sources/Application.o
 .group         0x00000000        0x8 ./Sources/Application.o
 .group         0x00000000        0x8 ./Sources/Application.o
 .group         0x00000000        0x8 ./Sources/Application.o
 .group         0x00000000        0x8 ./Sources/Application.o
 .group         0x00000000        0x8 ./Sources/Application.o
[...]
Memory Configuration

Name             Origin             Length             Attributes
m_interrupts     0x00000000         0x000000c0         xr
m_text           0x00000410         0x0001fbf0         xr
m_data           0x1ffff000         0x00004000         rw
m_cfmprotrom     0x00000400         0x00000010         xr
*default*        0x00000000         0xffffffff

Linker script and memory map

LOAD c:/freescale/kds_3.0.0/toolchain/bin/../lib/gcc/arm-none-eabi/4.8.4/armv6-m/crti.o
LOAD c:/freescale/kds_3.0.0/toolchain/bin/../lib/gcc/arm-none-eabi/4.8.4/armv6-m/crtbegin.o
LOAD c:/freescale/kds_3.0.0/toolchain/bin/../lib/gcc/arm-none-eabi/4.8.4/../../../../arm-none-eabi/lib/armv6-m/crt0.o
LOAD ./Sources/Application.o
LOAD ./Sources/Events.o
LOAD ./Sources/FDC1004.o
LOAD ./Sources/SH7776.o
LOAD ./Sources/VL6180X.o
LOAD ./Sources/main.o
LOAD ./Project_Settings/Startup_Code/startup.o
LOAD ./Generated_Code/AS1.o
LOAD ./Generated_Code/ASerialLdd1.o
LOAD ./Generated_Code/BitIoLdd1.o
LOAD ./Generated_Code/CI2C2.o
LOAD ./Generated_Code/CLS1.o
LOAD ./Generated_Code/CS1.o
LOAD ./Generated_Code/Cpu.o
LOAD ./Generated_Code/FRTOS1.o
LOAD ./Generated_Code/GI2C1.o
LOAD ./Generated_Code/LED1.o
LOAD ./Generated_Code/LEDpin1.o
LOAD ./Generated_Code/PE_LDD.o
LOAD ./Generated_Code/TMOUT1.o
LOAD ./Generated_Code/UTIL1.o
LOAD ./Generated_Code/Vectors.o
LOAD ./Generated_Code/WAIT1.o
LOAD ./Generated_Code/croutine.o
LOAD ./Generated_Code/event_groups.o
LOAD ./Generated_Code/heap_1.o
LOAD ./Generated_Code/heap_2.o
LOAD ./Generated_Code/heap_3.o
LOAD ./Generated_Code/heap_4.o
LOAD ./Generated_Code/heap_5.o
LOAD ./Generated_Code/list.o
LOAD ./Generated_Code/port.o
LOAD ./Generated_Code/queue.o
LOAD ./Generated_Code/tasks.o
LOAD ./Generated_Code/timers.o
LOAD c:/freescale/kds_3.0.0/toolchain/bin/../lib/gcc/arm-none-eabi/4.8.4/../../../../arm-none-eabi/lib/armv6-m\libstdc++_s.a
LOAD c:/freescale/kds_3.0.0/toolchain/bin/../lib/gcc/arm-none-eabi/4.8.4/../../../../arm-none-eabi/lib/armv6-m\libm.a
START GROUP
LOAD c:/freescale/kds_3.0.0/toolchain/bin/../lib/gcc/arm-none-eabi/4.8.4/armv6-m\libgcc.a
LOAD c:/freescale/kds_3.0.0/toolchain/bin/../lib/gcc/arm-none-eabi/4.8.4/../../../../arm-none-eabi/lib/armv6-m\libg_s.a
LOAD c:/freescale/kds_3.0.0/toolchain/bin/../lib/gcc/arm-none-eabi/4.8.4/../../../../arm-none-eabi/lib/armv6-m\libc_s.a
END GROUP
START GROUP
LOAD c:/freescale/kds_3.0.0/toolchain/bin/../lib/gcc/arm-none-eabi/4.8.4/armv6-m\libgcc.a
LOAD c:/freescale/kds_3.0.0/toolchain/bin/../lib/gcc/arm-none-eabi/4.8.4/../../../../arm-none-eabi/lib/armv6-m\libc_s.a
LOAD c:/freescale/kds_3.0.0/toolchain/bin/../lib/gcc/arm-none-eabi/4.8.4/../../../../arm-none-eabi/lib/armv6-m\libnosys.a
END GROUP
START GROUP
LOAD c:/freescale/kds_3.0.0/toolchain/bin/../lib/gcc/arm-none-eabi/4.8.4/armv6-m\libgcc.a
LOAD c:/freescale/kds_3.0.0/toolchain/bin/../lib/gcc/arm-none-eabi/4.8.4/../../../../arm-none-eabi/lib/armv6-m\libc_s.a
LOAD c:/freescale/kds_3.0.0/toolchain/bin/../lib/gcc/arm-none-eabi/4.8.4/../../../../arm-none-eabi/lib/armv6-m\libnosys.a
END GROUP
LOAD c:/freescale/kds_3.0.0/toolchain/bin/../lib/gcc/arm-none-eabi/4.8.4/armv6-m/crtend.o
LOAD c:/freescale/kds_3.0.0/toolchain/bin/../lib/gcc/arm-none-eabi/4.8.4/armv6-m/crtn.o
                0x20003000                _estack = 0x20003000
                0x20003000                __SP_INIT = _estack
                0x20003000                __stack = _estack
                0x00000000                __heap_size = 0x0
                0x00000400                __stack_size = 0x400

.interrupts     0x00000000       0xc0
                0x00000000                __vector_table = .
                0x00000000                . = ALIGN (0x4)
 *(.vectortable)
 .vectortable   0x00000000       0xc0 ./Generated_Code/Vectors.o
                0x00000000                __vect_table
                0x000000c0                . = ALIGN (0x4)

.cfmprotect     0x00000400       0x10
                0x00000400                . = ALIGN (0x4)
 *(.cfmconfig)
 .cfmconfig     0x00000400       0x10 ./Generated_Code/Cpu.o
                0x00000400                _cfm
                0x00000410                . = ALIGN (0x4)

.text           0x00000410     0x307c
                0x00000410                . = ALIGN (0x4)
 *(.text)
 .text          0x00000410       0x60 c:/freescale/kds_3.0.0/toolchain/bin/../lib/gcc/arm-none-eabi/4.8.4/armv6-m/crtbegin.o
 .text          0x00000470       0x78 c:/freescale/kds_3.0.0/toolchain/bin/../lib/gcc/arm-none-eabi/4.8.4/../../../../arm-none-eabi/lib/armv6-m/crt0.o
                0x00000470                _start
                0x00000470                _mainCRTStartup
 .text          0x000004e8       0x9c c:/freescale/kds_3.0.0/toolchain/bin/../lib/gcc/arm-none-eabi/4.8.4/armv6-m\libgcc.a(_udivsi3.o)
                0x000004e8                __aeabi_uidiv
                0x000004e8                __udivsi3
                0x00000570                __aeabi_uidivmod
 .text          0x00000584        0x4 c:/freescale/kds_3.0.0/toolchain/bin/../lib/gcc/arm-none-eabi/4.8.4/armv6-m\libgcc.a(_dvmd_tls.o)
                0x00000584                __aeabi_idiv0
                0x00000584                __aeabi_ldiv0
 .text          0x00000588       0x34 c:/freescale/kds_3.0.0/toolchain/bin/../lib/gcc/arm-none-eabi/4.8.4/../../../../arm-none-eabi/lib/armv6-m\libg_s.a(lib_a-setjmp.o)
                0x00000588                setjmp
                0x000005a0                longjmp
 *(.text*)
 .text.Init_Measure
                0x000005bc       0x50 ./Sources/Application.o
                0x000005bc                Init_Measure
 .text.AppTask  0x0000060c       0x9c ./Sources/Application.o
 .text.RTOS_Run
                0x000006a8        0xc ./Sources/Application.o
                0x000006a8                RTOS_Run
 .text.APP_Run  0x000006b4       0x40 ./Sources/Application.o
                0x000006b4                APP_Run
 .text.AS1_OnError
                0x000006f4        0x8 ./Sources/Events.o
                0x000006f4                AS1_OnError
 .text.AS1_OnRxChar
                0x000006fc        0x8 ./Sources/Events.o
                0x000006fc                AS1_OnRxChar
 .text.AS1_OnTxChar
                0x00000704        0x8 ./Sources/Events.o
                0x00000704                AS1_OnTxChar
 .text.AS1_OnFullRxBuf
                0x0000070c        0x8 ./Sources/Events.o
                0x0000070c                AS1_OnFullRxBuf
 .text.AS1_OnFreeTxBuf
                0x00000714        0x8 ./Sources/Events.o
                0x00000714                AS1_OnFreeTxBuf
 .text.GI2C1_OnError
                0x0000071c        0x8 ./Sources/Events.o
                0x0000071c                GI2C1_OnError
 .text.Cpu_OnNMIINT
                0x00000724        0x8 ./Sources/Events.o
                0x00000724                Cpu_OnNMIINT
 .text.FRTOS1_vApplicationStackOverflowHook
                0x0000072c       0x10 ./Sources/Events.o
                0x0000072c                FRTOS1_vApplicationStackOverflowHook
 .text.FRTOS1_vApplicationTickHook
                0x0000073c        0x8 ./Sources/Events.o
                0x0000073c                FRTOS1_vApplicationTickHook
 .text.FRTOS1_vApplicationIdleHook
                0x00000744        0x8 ./Sources/Events.o
                0x00000744                FRTOS1_vApplicationIdleHook
 .text.FRTOS1_vApplicationMallocFailedHook
                0x0000074c        0x8 ./Sources/Events.o
                0x0000074c                FRTOS1_vApplicationMallocFailedHook
 .text.FDC_WriteReg16
                0x00000754       0x5c ./Sources/FDC1004.o
                0x00000754                FDC_WriteReg16
 .text.FDC_ReadReg16
                0x000007b0       0x60 ./Sources/FDC1004.o
                0x000007b0                FDC_ReadReg16
 .text.FDC_ReadMeasurmentResults
                0x00000810      0x138 ./Sources/FDC1004.o
                0x00000810                FDC_ReadMeasurmentResults
 .text.FDC_Init
                0x00000948       0xa4 ./Sources/FDC1004.o
                0x00000948                FDC_Init
 .text.main     0x000009ec       0x14 ./Sources/main.o
                0x000009ec                main
 .text.__copy_rom_section
                0x00000a00       0xd8 ./Project_Settings/Startup_Code/startup.o
                0x00000a00                __copy_rom_section
 .text.__copy_rom_sections_to_ram
                0x00000ad8       0x98 ./Project_Settings/Startup_Code/startup.o
                0x00000ad8                __copy_rom_sections_to_ram
 .text.__init_registers
                0x00000b70        0x8 ./Project_Settings/Startup_Code/startup.o
                0x00000b70                __init_registers
 .text.__init_user
                0x00000b78        0x8 ./Project_Settings/Startup_Code/startup.o
                0x00000b78                __init_user
 .text.__thumb_startup
                0x00000b80       0x30 ./Project_Settings/Startup_Code/startup.o
                0x00000b80                __thumb_startup
 .text.HWEnDi   0x00000bb0       0x20 ./Generated_Code/AS1.o
 .text.AS1_RecvChar
                0x00000bd0       0xe8 ./Generated_Code/AS1.o
                0x00000bd0                AS1_RecvChar
 .text.AS1_SendChar
                0x00000cb8       0xe8 ./Generated_Code/AS1.o
                0x00000cb8                AS1_SendChar
 .text.AS1_GetCharsInRxBuf
                0x00000da0       0x14 ./Generated_Code/AS1.o
                0x00000da0                AS1_GetCharsInRxBuf
 .text.AS1_Init
                0x00000db4       0x64 ./Generated_Code/AS1.o
                0x00000db4                AS1_Init
 .text.ASerialLdd1_OnBlockReceived
                0x00000e18       0xc0 ./Generated_Code/AS1.o
                0x00000e18                ASerialLdd1_OnBlockReceived
 .text.ASerialLdd1_OnBlockSent
                0x00000ed8       0xe8 ./Generated_Code/AS1.o
                0x00000ed8                ASerialLdd1_OnBlockSent
 .text.ASerialLdd1_OnError
                0x00000fc0       0x94 ./Generated_Code/AS1.o
                0x00000fc0                ASerialLdd1_OnError
 .text.ASerialLdd1_OnBreak
                0x00001054       0x20 ./Generated_Code/AS1.o
                0x00001054                ASerialLdd1_OnBreak
 .text.ASerialLdd1_Init
                0x00001074      0x1c4 ./Generated_Code/ASerialLdd1.o
                0x00001074                ASerialLdd1_Init
 .text.ASerialLdd1_ReceiveBlock
                0x00001238       0x50 ./Generated_Code/ASerialLdd1.o
                0x00001238                ASerialLdd1_ReceiveBlock
 .text.ASerialLdd1_SendBlock
                0x00001288       0x80 ./Generated_Code/ASerialLdd1.o
                0x00001288                ASerialLdd1_SendBlock
 .text.InterruptRx
                0x00001308       0x58 ./Generated_Code/ASerialLdd1.o
 .text.InterruptTx
                0x00001360       0x80 ./Generated_Code/ASerialLdd1.o
 .text.ASerialLdd1_Interrupt
                0x000013e0       0xec ./Generated_Code/ASerialLdd1.o
                0x000013e0                ASerialLdd1_Interrupt
 .text.ASerialLdd1_GetError
                0x000014cc       0x30 ./Generated_Code/ASerialLdd1.o
                0x000014cc                ASerialLdd1_GetError
 .text.BitIoLdd1_Init
                0x000014fc       0x68 ./Generated_Code/BitIoLdd1.o
                0x000014fc                BitIoLdd1_Init
 .text.BitIoLdd1_ClrVal
                0x00001564       0x1c ./Generated_Code/BitIoLdd1.o
                0x00001564                BitIoLdd1_ClrVal
 .text.BitIoLdd1_SetVal
                0x00001580       0x1c ./Generated_Code/BitIoLdd1.o
                0x00001580                BitIoLdd1_SetVal
 .text.BitIoLdd1_NegVal
                0x0000159c       0x1c ./Generated_Code/BitIoLdd1.o
                0x0000159c                BitIoLdd1_NegVal
 .text.CI2C2_Interrupt
                0x000015b8      0x278 ./Generated_Code/CI2C2.o
                0x000015b8                CI2C2_Interrupt
 .text.CI2C2_Init
                0x00001830      0x114 ./Generated_Code/CI2C2.o
                0x00001830                CI2C2_Init
 .text.CI2C2_MasterSendBlock
                0x00001944      0x158 ./Generated_Code/CI2C2.o
                0x00001944                CI2C2_MasterSendBlock
 .text.CI2C2_MasterReceiveBlock
                0x00001a9c      0x158 ./Generated_Code/CI2C2.o
                0x00001a9c                CI2C2_MasterReceiveBlock
 .text.CI2C2_SelectSlaveDevice
                0x00001bf4      0x100 ./Generated_Code/CI2C2.o
                0x00001bf4                CI2C2_SelectSlaveDevice
 .text.CLS1_SendStr
                0x00001cf4       0x28 ./Generated_Code/CLS1.o
                0x00001cf4                CLS1_SendStr
 .text.CLS1_SendNum32u
                0x00001d1c       0x30 ./Generated_Code/CLS1.o
                0x00001d1c                CLS1_SendNum32u
 .text.CLS1_SendNum8u
                0x00001d4c       0x34 ./Generated_Code/CLS1.o
                0x00001d4c                CLS1_SendNum8u
 .text.CLS1_GetStdio
                0x00001d80       0x14 ./Generated_Code/CLS1.o
                0x00001d80                CLS1_GetStdio
 .text.CLS1_ReadChar
                0x00001d94       0x30 ./Generated_Code/CLS1.o
                0x00001d94                CLS1_ReadChar
 .text.CLS1_SendChar
                0x00001dc4       0x40 ./Generated_Code/CLS1.o
                0x00001dc4                CLS1_SendChar
 .text.CLS1_KeyPressed
                0x00001e04       0x24 ./Generated_Code/CLS1.o
                0x00001e04                CLS1_KeyPressed
 .text.CLS1_Init
                0x00001e28        0x8 ./Generated_Code/CLS1.o
                0x00001e28                CLS1_Init
 .text.Cpu_INT_NMIInterrupt
                0x00001e30        0xc ./Generated_Code/Cpu.o
                0x00001e30                Cpu_INT_NMIInterrupt
 .text.Cpu_Interrupt
                0x00001e3c        0xc ./Generated_Code/Cpu.o
                0x00001e3c                Cpu_Interrupt
 .text.__init_hardware
                0x00001e48      0x17c ./Generated_Code/Cpu.o
                0x00001e48                __init_hardware
 .text.PE_low_level_init
                0x00001fc4       0xf0 ./Generated_Code/Cpu.o
                0x00001fc4                PE_low_level_init
 .text.GI2C1_SelectSlave
                0x000020b4       0x3c ./Generated_Code/GI2C1.o
                0x000020b4                GI2C1_SelectSlave
 .text.GI2C1_UnselectSlave
                0x000020f0        0xc ./Generated_Code/GI2C1.o
                0x000020f0                GI2C1_UnselectSlave
 .text.GI2C1_ReadAddress
                0x000020fc       0xe8 ./Generated_Code/GI2C1.o
                0x000020fc                GI2C1_ReadAddress
 .text.GI2C1_WriteAddress
                0x000021e4      0x144 ./Generated_Code/GI2C1.o
                0x000021e4                GI2C1_WriteAddress
 .text.CI2C2_OnMasterBlockSent
                0x00002328       0x24 ./Generated_Code/GI2C1.o
                0x00002328                CI2C2_OnMasterBlockSent
 .text.CI2C2_OnMasterBlockReceived
                0x0000234c       0x24 ./Generated_Code/GI2C1.o
                0x0000234c                CI2C2_OnMasterBlockReceived
 .text.GI2C1_Init
                0x00002370       0x28 ./Generated_Code/GI2C1.o
                0x00002370                GI2C1_Init
 .text.TMOUT1_Init
                0x00002398       0x44 ./Generated_Code/TMOUT1.o
                0x00002398                TMOUT1_Init
 .text.UTIL1_Num8uToStr
                0x000023dc       0x28 ./Generated_Code/UTIL1.o
                0x000023dc                UTIL1_Num8uToStr
 .text.UTIL1_Num16uToStr
                0x00002404      0x130 ./Generated_Code/UTIL1.o
                0x00002404                UTIL1_Num16uToStr
 .text.UTIL1_Num32uToStr
                0x00002534      0x120 ./Generated_Code/UTIL1.o
                0x00002534                UTIL1_Num32uToStr
 .text.pvPortMalloc
                0x00002654      0x124 ./Generated_Code/heap_2.o
                0x00002654                pvPortMalloc
 .text.vPortFree
                0x00002778       0x70 ./Generated_Code/heap_2.o
                0x00002778                vPortFree
 .text.prvHeapInit
                0x000027e8       0x4c ./Generated_Code/heap_2.o
 .text.vListInitialise
                0x00002834       0x3c ./Generated_Code/list.o
                0x00002834                vListInitialise
 .text.vListInitialiseItem
                0x00002870       0x14 ./Generated_Code/list.o
                0x00002870                vListInitialiseItem
 .text.vListInsertEnd
                0x00002884       0x44 ./Generated_Code/list.o
                0x00002884                vListInsertEnd
 .text.vListInsert
                0x000028c8       0x6c ./Generated_Code/list.o
                0x000028c8                vListInsert
 .text.uxListRemove
                0x00002934       0x50 ./Generated_Code/list.o
                0x00002934                uxListRemove
 .text.pxPortInitialiseStack
                0x00002984       0x50 ./Generated_Code/port.o
                0x00002984                pxPortInitialiseStack
 .text.vPortInitTickTimer
                0x000029d4       0x3c ./Generated_Code/port.o
                0x000029d4                vPortInitTickTimer
 .text.vPortStartTickTimer
                0x00002a10       0x14 ./Generated_Code/port.o
                0x00002a10                vPortStartTickTimer
 .text.vPortStopTickTimer
                0x00002a24       0x14 ./Generated_Code/port.o
                0x00002a24                vPortStopTickTimer
 .text.xPortStartScheduler
                0x00002a38       0x4c ./Generated_Code/port.o
                0x00002a38                xPortStartScheduler
 .text.vPortEnterCritical
                0x00002a84       0x20 ./Generated_Code/port.o
                0x00002a84                vPortEnterCritical
 .text.vPortExitCritical
                0x00002aa4       0x20 ./Generated_Code/port.o
                0x00002aa4                vPortExitCritical
 .text.vPortYieldFromISR
                0x00002ac4       0x1c ./Generated_Code/port.o
                0x00002ac4                vPortYieldFromISR
 .text.vPortTickHandler
                0x00002ae0       0x1c ./Generated_Code/port.o
                0x00002ae0                vPortTickHandler
 .text.vPortStartFirstTask
                0x00002afc       0x1c ./Generated_Code/port.o
                0x00002afc                vPortStartFirstTask
 .text.vPortSVCHandler
                0x00002b18       0x28 ./Generated_Code/port.o
                0x00002b18                vPortSVCHandler
 .text.vPortPendSVHandler
                0x00002b40       0x44 ./Generated_Code/port.o
                0x00002b40                vPortPendSVHandler
 .text.xTaskGenericCreate
                0x00002b84      0x16c ./Generated_Code/tasks.o
                0x00002b84                xTaskGenericCreate
 .text.vTaskDelay
                0x00002cf0       0x64 ./Generated_Code/tasks.o
                0x00002cf0                vTaskDelay
 .text.vTaskStartScheduler
                0x00002d54       0x70 ./Generated_Code/tasks.o
                0x00002d54                vTaskStartScheduler
 .text.vTaskSuspendAll
                0x00002dc4       0x18 ./Generated_Code/tasks.o
                0x00002dc4                vTaskSuspendAll
 .text.xTaskResumeAll
                0x00002ddc      0x108 ./Generated_Code/tasks.o
                0x00002ddc                xTaskResumeAll
 .text.xTaskIncrementTick
                0x00002ee4      0x17c ./Generated_Code/tasks.o
                0x00002ee4                xTaskIncrementTick
 .text.vTaskSwitchContext
                0x00003060       0xc4 ./Generated_Code/tasks.o
                0x00003060                vTaskSwitchContext
 .text.prvIdleTask
                0x00003124       0x24 ./Generated_Code/tasks.o
 .text.prvInitialiseTCBVariables
                0x00003148       0xa4 ./Generated_Code/tasks.o
 .text.prvInitialiseTaskLists
                0x000031ec       0x7c ./Generated_Code/tasks.o
 .text.prvCheckTasksWaitingTermination
                0x00003268        0x8 ./Generated_Code/tasks.o
 .text.prvAddCurrentTaskToDelayedList
                0x00003270       0x6c ./Generated_Code/tasks.o
 .text.prvAllocateTCBAndStack
                0x000032dc       0x78 ./Generated_Code/tasks.o
 .text.prvResetNextTaskUnblockTime
                0x00003354       0x44 ./Generated_Code/tasks.o
 .text.exit     0x00003398       0x2c c:/freescale/kds_3.0.0/toolchain/bin/../lib/gcc/arm-none-eabi/4.8.4/../../../../arm-none-eabi/lib/armv6-m\libg_s.a(lib_a-exit.o)
                0x00003398                exit
 .text.__libc_init_array
                0x000033c4       0x4c c:/freescale/kds_3.0.0/toolchain/bin/../lib/gcc/arm-none-eabi/4.8.4/../../../../arm-none-eabi/lib/armv6-m\libg_s.a(lib_a-init.o)
                0x000033c4                __libc_init_array
 .text.memset   0x00003410       0x10 c:/freescale/kds_3.0.0/toolchain/bin/../lib/gcc/arm-none-eabi/4.8.4/../../../../arm-none-eabi/lib/armv6-m\libg_s.a(lib_a-memset.o)
                0x00003410                memset
 .text._exit    0x00003420        0x4 c:/freescale/kds_3.0.0/toolchain/bin/../lib/gcc/arm-none-eabi/4.8.4/../../../../arm-none-eabi/lib/armv6-m\libnosys.a(_exit.o)
                0x00003420                _exit
 *(.rodata)
 .rodata        0x00003424       0x30 ./Sources/Application.o
 .rodata        0x00003454        0x8 ./Generated_Code/tasks.o
 *(.rodata*)
 .rodata.CLS1_stdio
                0x0000345c       0x10 ./Generated_Code/CLS1.o
 .rodata.str1.1
                0x0000346c        0x2 c:/freescale/kds_3.0.0/toolchain/bin/../lib/gcc/arm-none-eabi/4.8.4/../../../../arm-none-eabi/lib/armv6-m\libg_s.a(lib_a-impure.o)
 *fill*         0x0000346e        0x2 
 .rodata._global_impure_ptr
                0x00003470        0x4 c:/freescale/kds_3.0.0/toolchain/bin/../lib/gcc/arm-none-eabi/4.8.4/../../../../arm-none-eabi/lib/armv6-m\libg_s.a(lib_a-impure.o)
                0x00003470                _global_impure_ptr
 *(.glue_7)
 .glue_7        0x00000000        0x0 linker stubs
 *(.glue_7t)
 .glue_7t       0x00000000        0x0 linker stubs
 *(.eh_frame)
 .eh_frame      0x00003474        0x0 c:/freescale/kds_3.0.0/toolchain/bin/../lib/gcc/arm-none-eabi/4.8.4/armv6-m/crtbegin.o
 *(.init)
 .init          0x00003474        0x4 c:/freescale/kds_3.0.0/toolchain/bin/../lib/gcc/arm-none-eabi/4.8.4/armv6-m/crti.o
                0x00003474                _init
 .init          0x00003478        0x8 c:/freescale/kds_3.0.0/toolchain/bin/../lib/gcc/arm-none-eabi/4.8.4/armv6-m/crtn.o
 *(.fini)
 .fini          0x00003480        0x4 c:/freescale/kds_3.0.0/toolchain/bin/../lib/gcc/arm-none-eabi/4.8.4/armv6-m/crti.o
                0x00003480                _fini
 .fini          0x00003484        0x8 c:/freescale/kds_3.0.0/toolchain/bin/../lib/gcc/arm-none-eabi/4.8.4/armv6-m/crtn.o
                0x0000348c                . = ALIGN (0x4)
                0x0000348c                _etext = .

.vfp11_veneer   0x0000348c        0x0
 .vfp11_veneer  0x00000000        0x0 linker stubs

.v4_bx          0x0000348c        0x0
 .v4_bx         0x00000000        0x0 linker stubs

.iplt           0x0000348c        0x0
 .iplt          0x00000000        0x0 c:/freescale/kds_3.0.0/toolchain/bin/../lib/gcc/arm-none-eabi/4.8.4/armv6-m/crtbegin.o

.ARM.extab
 *(.ARM.extab* .gnu.linkonce.armextab.*)

.ARM            0x0000348c        0x8
                0x0000348c                __exidx_start = .
 *(.ARM.exidx*)
 .ARM.exidx     0x0000348c        0x8 c:/freescale/kds_3.0.0/toolchain/bin/../lib/gcc/arm-none-eabi/4.8.4/../../../../arm-none-eabi/lib/armv6-m/crt0.o
                0x00003494                __exidx_end = .

.rel.dyn        0x00003494        0x0
 .rel.iplt      0x00000000        0x0 c:/freescale/kds_3.0.0/toolchain/bin/../lib/gcc/arm-none-eabi/4.8.4/armv6-m/crtbegin.o

.ctors          0x00003494        0x0
                0x00003494                __CTOR_LIST__ = .
 *crtbegin.o(.ctors)
 *(EXCLUDE_FILE(*crtend.o) .ctors)
 *(SORT(.ctors.*))
 *(.ctors)
                0x00003494                __CTOR_END__ = .

.dtors          0x00003494        0x0
                0x00003494                __DTOR_LIST__ = .
 *crtbegin.o(.dtors)
 *(EXCLUDE_FILE(*crtend.o) .dtors)
 *(SORT(.dtors.*))
 *(.dtors)
                0x00003494                __DTOR_END__ = .

.preinit_array  0x00003494        0x0
                0x00003494                PROVIDE (__preinit_array_start, .)
 *(.preinit_array*)
                0x00003494                PROVIDE (__preinit_array_end, .)

.init_array     0x00003494        0x4
                0x00003494                PROVIDE (__init_array_start, .)
 *(SORT(.init_array.*))
 *(.init_array*)
 .init_array    0x00003494        0x4 c:/freescale/kds_3.0.0/toolchain/bin/../lib/gcc/arm-none-eabi/4.8.4/armv6-m/crtbegin.o
                0x00003498                PROVIDE (__init_array_end, .)

.fini_array     0x00003498        0x4
                0x00003498                PROVIDE (__fini_array_start, .)
 *(SORT(.fini_array.*))
 *(.fini_array*)
 .fini_array    0x00003498        0x4 c:/freescale/kds_3.0.0/toolchain/bin/../lib/gcc/arm-none-eabi/4.8.4/armv6-m/crtbegin.o
                0x0000349c                PROVIDE (__fini_array_end, .)
                0x0000349c                ___ROM_AT = .

.mtb            0x1ffff000        0x0
                0x1ffff000                . = ALIGN (0x8)
                0x1ffff000                _mtb_start = .
 *(.mtb_buf)
                0x1ffff000                . = ALIGN (0x8)
                0x1ffff000                _mtb_end = .

.data           0x1ffff000       0x6c load address 0x0000349c
                0x1ffff000                . = ALIGN (0x4)
                0x1ffff000                _sdata = .
 *(.data)
 *(.data*)
 .data.CLS1_currStdIO
                0x1ffff000        0x4 ./Generated_Code/CLS1.o
 .data.xFreeBytesRemaining
                0x1ffff004        0x4 ./Generated_Code/heap_2.o
 .data.uxCriticalNesting
                0x1ffff008        0x4 ./Generated_Code/port.o
 .data.impure_data
                0x1ffff00c       0x60 c:/freescale/kds_3.0.0/toolchain/bin/../lib/gcc/arm-none-eabi/4.8.4/../../../../arm-none-eabi/lib/armv6-m\libg_s.a(lib_a-impure.o)
                0x1ffff06c                . = ALIGN (0x4)
                0x1ffff06c                _edata = .
                0x0000006c                ___data_size = (_edata - _sdata)

.jcr            0x1ffff06c        0x0 load address 0x00003508
 .jcr           0x1ffff06c        0x0 c:/freescale/kds_3.0.0/toolchain/bin/../lib/gcc/arm-none-eabi/4.8.4/armv6-m/crtbegin.o

.igot.plt       0x1ffff06c        0x0 load address 0x00003508
 .igot.plt      0x00000000        0x0 c:/freescale/kds_3.0.0/toolchain/bin/../lib/gcc/arm-none-eabi/4.8.4/armv6-m/crtbegin.o
                0x1ffff06c                . = ALIGN (0x4)

.bss            0x1ffff06c     0x127c load address 0x00003508
                0x1ffff06c                __START_BSS = .
                0x1ffff06c                PROVIDE (__bss_start__, __START_BSS)
 *(.bss)
 .bss           0x1ffff06c       0x1c c:/freescale/kds_3.0.0/toolchain/bin/../lib/gcc/arm-none-eabi/4.8.4/armv6-m/crtbegin.o
 *(.bss*)
 .bss.SerFlag   0x1ffff088        0x2 ./Generated_Code/AS1.o
 .bss.AS1_InpLen
                0x1ffff08a        0x2 ./Generated_Code/AS1.o
 .bss.InpIndexR
                0x1ffff08c        0x2 ./Generated_Code/AS1.o
 .bss.InpIndexW
                0x1ffff08e        0x2 ./Generated_Code/AS1.o
 .bss.InpBuffer
                0x1ffff090       0x10 ./Generated_Code/AS1.o
 .bss.BufferRead
                0x1ffff0a0        0x1 ./Generated_Code/AS1.o
 *fill*         0x1ffff0a1        0x1 
 .bss.AS1_OutLen
                0x1ffff0a2        0x2 ./Generated_Code/AS1.o
 .bss.OutIndexR
                0x1ffff0a4        0x2 ./Generated_Code/AS1.o
 .bss.OutIndexW
                0x1ffff0a6        0x2 ./Generated_Code/AS1.o
 .bss.OutBuffer
                0x1ffff0a8       0x10 ./Generated_Code/AS1.o
 .bss.OnFreeTxBufSemaphore
                0x1ffff0b8        0x1 ./Generated_Code/AS1.o
 *fill*         0x1ffff0b9        0x3 
 .bss.DeviceDataPrv__DEFAULT_RTOS_ALLOC
                0x1ffff0bc       0x20 ./Generated_Code/ASerialLdd1.o
 .bss.INT_UART0__BAREBOARD_RTOS_ISRPARAM
                0x1ffff0dc        0x4 ./Generated_Code/ASerialLdd1.o
 .bss.DeviceDataPrv__DEFAULT_RTOS_ALLOC
                0x1ffff0e0        0x4 ./Generated_Code/BitIoLdd1.o
 .bss.DeviceDataPrv__DEFAULT_RTOS_ALLOC
                0x1ffff0e4       0x18 ./Generated_Code/CI2C2.o
 .bss.INT_I2C0__BAREBOARD_RTOS_ISRPARAM
                0x1ffff0fc        0x4 ./Generated_Code/CI2C2.o
 .bss.SR_lock   0x1ffff100        0x1 ./Generated_Code/Cpu.o
                0x1ffff100                SR_lock
 *fill*         0x1ffff101        0x3 
 .bss.GI2C1_deviceData
                0x1ffff104        0x8 ./Generated_Code/GI2C1.o
 .bss.writeBuf.6769
                0x1ffff10c       0x40 ./Generated_Code/GI2C1.o
 .bss.PE_LDD_DeviceDataList
                0x1ffff14c        0xc ./Generated_Code/PE_LDD.o
                0x1ffff14c                PE_LDD_DeviceDataList
 .bss.TMOUT1_Counters
                0x1ffff158        0x4 ./Generated_Code/TMOUT1.o
 .bss.TMOUT1_FreeCounters
                0x1ffff15c        0x4 ./Generated_Code/TMOUT1.o
 .bss.ucHeap    0x1ffff160     0x1000 ./Generated_Code/heap_2.o
 .bss.xStart    0x20000160        0x8 ./Generated_Code/heap_2.o
 .bss.xEnd      0x20000168        0x8 ./Generated_Code/heap_2.o
 .bss.xHeapHasBeenInitialised.6930
                0x20000170        0x4 ./Generated_Code/heap_2.o
 .bss.xJumpBuf  0x20000174       0x5c ./Generated_Code/port.o
 .bss.pxCurrentTCB
                0x200001d0        0x4 ./Generated_Code/tasks.o
                0x200001d0                pxCurrentTCB
 .bss.pxReadyTasksLists
                0x200001d4       0x78 ./Generated_Code/tasks.o
 .bss.xDelayedTaskList1
                0x2000024c       0x14 ./Generated_Code/tasks.o
 .bss.xDelayedTaskList2
                0x20000260       0x14 ./Generated_Code/tasks.o
 .bss.pxDelayedTaskList
                0x20000274        0x4 ./Generated_Code/tasks.o
 .bss.pxOverflowDelayedTaskList
                0x20000278        0x4 ./Generated_Code/tasks.o
 .bss.xPendingReadyList
                0x2000027c       0x14 ./Generated_Code/tasks.o
 .bss.xSuspendedTaskList
                0x20000290       0x14 ./Generated_Code/tasks.o
 .bss.uxCurrentNumberOfTasks
                0x200002a4        0x4 ./Generated_Code/tasks.o
 .bss.xTickCount
                0x200002a8        0x4 ./Generated_Code/tasks.o
 .bss.uxTopReadyPriority
                0x200002ac        0x4 ./Generated_Code/tasks.o
 .bss.xSchedulerRunning
                0x200002b0        0x4 ./Generated_Code/tasks.o
 .bss.uxPendedTicks
                0x200002b4        0x4 ./Generated_Code/tasks.o
 .bss.xYieldPending
                0x200002b8        0x4 ./Generated_Code/tasks.o
 .bss.xNumOfOverflows
                0x200002bc        0x4 ./Generated_Code/tasks.o
 .bss.uxTaskNumber
                0x200002c0        0x4 ./Generated_Code/tasks.o
 .bss.xNextTaskUnblockTime
                0x200002c4        0x4 ./Generated_Code/tasks.o
 .bss.uxSchedulerSuspended
                0x200002c8        0x4 ./Generated_Code/tasks.o
 *(COMMON)
 COMMON         0x200002cc       0x14 ./Sources/Application.o
                0x200002cc                io
                0x200002d0                cap
 COMMON         0x200002e0        0x4 ./Generated_Code/AS1.o
                0x200002e0                ASerialLdd1_DeviceDataPtr
 COMMON         0x200002e4        0x1 ./Generated_Code/Cpu.o
                0x200002e4                SR_reg
                0x200002e8                . = ALIGN (0x4)
 *fill*         0x200002e5        0x3 
                0x200002e8                __END_BSS = .
                0x200002e8                PROVIDE (__bss_end__, __END_BSS)
                0x00003508                _romp_at = (___ROM_AT + SIZEOF (.data))

.romp           0x200002e8       0x18 load address 0x00003508
                0x00003508                __S_romp = _romp_at
                0x200002e8        0x4 LONG 0x349c ___ROM_AT
                0x200002ec        0x4 LONG 0x1ffff000 _sdata
                0x200002f0        0x4 LONG 0x6c ___data_size
                0x200002f4        0x4 LONG 0x0
                0x200002f8        0x4 LONG 0x0
                0x200002fc        0x4 LONG 0x0

._user_heap_stack
                0x20000300      0x400 load address 0x00003520
                0x20000300                . = ALIGN (0x4)
                0x20000300                PROVIDE (end, .)
                0x20000300                PROVIDE (_end, .)
                0x20000300                __heap_addr = .
                0x20000300                __HeapBase = .
                0x20000300                . = (. + __heap_size)
                0x20000300                __HeapLimit = .
                0x20000700                . = (. + __stack_size)
 *fill*         0x20000300      0x400 
                0x20000700                . = ALIGN (0x4)

.ARM.attributes
                0x00000000       0x28
 *(.ARM.attributes)
 .ARM.attributes
                0x00000000       0x1e c:/freescale/kds_3.0.0/toolchain/bin/../lib/gcc/arm-none-eabi/4.8.4/armv6-m/crti.o
 .ARM.attributes
                0x0000001e       0x2c c:/freescale/kds_3.0.0/toolchain/bin/../lib/gcc/arm-none-eabi/4.8.4/armv6-m/crtbegin.o
 .ARM.attributes
                0x0000004a       0x1b c:/freescale/kds_3.0.0/toolchain/bin/../lib/gcc/arm-none-eabi/4.8.4/../../../../arm-none-eabi/lib/armv6-m/crt0.o
 .ARM.attributes
                0x00000065       0x32 ./Sources/Application.o
 .ARM.attributes
                0x00000097       0x32 ./Sources/Events.o
 .ARM.attributes
                0x000000c9       0x32 ./Sources/FDC1004.o
 .ARM.attributes
                0x000000fb       0x32 ./Sources/main.o
 .ARM.attributes
                0x0000012d       0x32 ./Project_Settings/Startup_Code/startup.o
 .ARM.attributes
                0x0000015f       0x32 ./Generated_Code/AS1.o
 .ARM.attributes
                0x00000191       0x32 ./Generated_Code/ASerialLdd1.o
 .ARM.attributes
                0x000001c3       0x32 ./Generated_Code/BitIoLdd1.o
 .ARM.attributes
                0x000001f5       0x32 ./Generated_Code/CI2C2.o
 .ARM.attributes
                0x00000227       0x32 ./Generated_Code/CLS1.o
 .ARM.attributes
                0x00000259       0x32 ./Generated_Code/Cpu.o
 .ARM.attributes
                0x0000028b       0x32 ./Generated_Code/GI2C1.o
 .ARM.attributes
                0x000002bd       0x32 ./Generated_Code/PE_LDD.o
 .ARM.attributes
                0x000002ef       0x32 ./Generated_Code/TMOUT1.o
 .ARM.attributes
                0x00000321       0x32 ./Generated_Code/UTIL1.o
 .ARM.attributes
                0x00000353       0x32 ./Generated_Code/Vectors.o
 .ARM.attributes
                0x00000385       0x32 ./Generated_Code/heap_2.o
 .ARM.attributes
                0x000003b7       0x32 ./Generated_Code/list.o
 .ARM.attributes
                0x000003e9       0x32 ./Generated_Code/port.o
 .ARM.attributes
                0x0000041b       0x32 ./Generated_Code/tasks.o
 .ARM.attributes
                0x0000044d       0x1e c:/freescale/kds_3.0.0/toolchain/bin/../lib/gcc/arm-none-eabi/4.8.4/armv6-m\libgcc.a(_udivsi3.o)
 .ARM.attributes
                0x0000046b       0x1e c:/freescale/kds_3.0.0/toolchain/bin/../lib/gcc/arm-none-eabi/4.8.4/armv6-m\libgcc.a(_dvmd_tls.o)
 .ARM.attributes
                0x00000489       0x2c c:/freescale/kds_3.0.0/toolchain/bin/../lib/gcc/arm-none-eabi/4.8.4/../../../../arm-none-eabi/lib/armv6-m\libg_s.a(lib_a-exit.o)
 .ARM.attributes
                0x000004b5       0x2c c:/freescale/kds_3.0.0/toolchain/bin/../lib/gcc/arm-none-eabi/4.8.4/../../../../arm-none-eabi/lib/armv6-m\libg_s.a(lib_a-impure.o)
 .ARM.attributes
                0x000004e1       0x2c c:/freescale/kds_3.0.0/toolchain/bin/../lib/gcc/arm-none-eabi/4.8.4/../../../../arm-none-eabi/lib/armv6-m\libg_s.a(lib_a-init.o)
 .ARM.attributes
                0x0000050d       0x2c c:/freescale/kds_3.0.0/toolchain/bin/../lib/gcc/arm-none-eabi/4.8.4/../../../../arm-none-eabi/lib/armv6-m\libg_s.a(lib_a-memset.o)
 .ARM.attributes
                0x00000539       0x1c c:/freescale/kds_3.0.0/toolchain/bin/../lib/gcc/arm-none-eabi/4.8.4/../../../../arm-none-eabi/lib/armv6-m\libg_s.a(lib_a-setjmp.o)
 .ARM.attributes
                0x00000555       0x2c c:/freescale/kds_3.0.0/toolchain/bin/../lib/gcc/arm-none-eabi/4.8.4/../../../../arm-none-eabi/lib/armv6-m\libnosys.a(_exit.o)
 .ARM.attributes
                0x00000581       0x1e c:/freescale/kds_3.0.0/toolchain/bin/../lib/gcc/arm-none-eabi/4.8.4/armv6-m/crtn.o
OUTPUT(BDA_3D.elf elf32-littlearm)

.debug_info     0x00000000     0x7032
 .debug_info    0x00000000      0x246 ./Sources/Application.o
 .debug_info    0x00000246      0x174 ./Sources/Events.o
 .debug_info    0x000003ba      0x2c7 ./Sources/FDC1004.o
 .debug_info    0x00000681       0x9a ./Sources/main.o
 .debug_info    0x0000071b      0x20a ./Project_Settings/Startup_Code/startup.o
 .debug_info    0x00000925      0x509 ./Generated_Code/AS1.o
 .debug_info    0x00000e2e      0x7ba ./Generated_Code/ASerialLdd1.o
 .debug_info    0x000015e8      0x372 ./Generated_Code/BitIoLdd1.o
 .debug_info    0x0000195a      0x7d7 ./Generated_Code/CI2C2.o
 .debug_info    0x00002131      0x9a0 ./Generated_Code/CLS1.o
 .debug_info    0x00002ad1      0x877 ./Generated_Code/Cpu.o
 .debug_info    0x00003348      0x5d9 ./Generated_Code/GI2C1.o
 .debug_info    0x00003921      0x251 ./Generated_Code/PE_LDD.o
 .debug_info    0x00003b72      0x2c1 ./Generated_Code/TMOUT1.o
 .debug_info    0x00003e33     0x16c3 ./Generated_Code/UTIL1.o
 .debug_info    0x000054f6      0x10e ./Generated_Code/Vectors.o
 .debug_info    0x00005604      0x2e9 ./Generated_Code/heap_2.o
 .debug_info    0x000058ed      0x2a8 ./Generated_Code/list.o
 .debug_info    0x00005b95      0x275 ./Generated_Code/port.o
 .debug_info    0x00005e0a     0x1228 ./Generated_Code/tasks.o

.debug_abbrev   0x00000000     0x18bf
 .debug_abbrev  0x00000000      0x118 ./Sources/Application.o
 .debug_abbrev  0x00000118       0x8b ./Sources/Events.o
 .debug_abbrev  0x000001a3       0xd9 ./Sources/FDC1004.o
 .debug_abbrev  0x0000027c       0x47 ./Sources/main.o
 .debug_abbrev  0x000002c3      0x11e ./Project_Settings/Startup_Code/startup.o
 .debug_abbrev  0x000003e1      0x1d6 ./Generated_Code/AS1.o
 .debug_abbrev  0x000005b7      0x1af ./Generated_Code/ASerialLdd1.o
 .debug_abbrev  0x00000766      0x127 ./Generated_Code/BitIoLdd1.o
 .debug_abbrev  0x0000088d      0x1b8 ./Generated_Code/CI2C2.o
 .debug_abbrev  0x00000a45      0x1c2 ./Generated_Code/CLS1.o
 .debug_abbrev  0x00000c07      0x15f ./Generated_Code/Cpu.o
 .debug_abbrev  0x00000d66      0x1eb ./Generated_Code/GI2C1.o
 .debug_abbrev  0x00000f51      0x10d ./Generated_Code/PE_LDD.o
 .debug_abbrev  0x0000105e       0xaf ./Generated_Code/TMOUT1.o
 .debug_abbrev  0x0000110d      0x19c ./Generated_Code/UTIL1.o
 .debug_abbrev  0x000012a9       0xa4 ./Generated_Code/Vectors.o
 .debug_abbrev  0x0000134d      0x155 ./Generated_Code/heap_2.o
 .debug_abbrev  0x000014a2       0xc1 ./Generated_Code/list.o
 .debug_abbrev  0x00001563      0x10c ./Generated_Code/port.o
 .debug_abbrev  0x0000166f      0x250 ./Generated_Code/tasks.o

.debug_aranges  0x00000000      0x990
 .debug_aranges
                0x00000000       0x38 ./Sources/Application.o
 .debug_aranges
                0x00000038       0x70 ./Sources/Events.o
 .debug_aranges
                0x000000a8       0x38 ./Sources/FDC1004.o
 .debug_aranges
                0x000000e0       0x20 ./Sources/main.o
 .debug_aranges
                0x00000100       0x50 ./Project_Settings/Startup_Code/startup.o
 .debug_aranges
                0x00000150       0x88 ./Generated_Code/AS1.o
 .debug_aranges
                0x000001d8       0x50 ./Generated_Code/ASerialLdd1.o
 .debug_aranges
                0x00000228       0x40 ./Generated_Code/BitIoLdd1.o
 .debug_aranges
                0x00000268       0x48 ./Generated_Code/CI2C2.o
 .debug_aranges
                0x000002b0      0x108 ./Generated_Code/CLS1.o
 .debug_aranges
                0x000003b8       0x40 ./Generated_Code/Cpu.o
 .debug_aranges
                0x000003f8       0xa0 ./Generated_Code/GI2C1.o
 .debug_aranges
                0x00000498       0x30 ./Generated_Code/PE_LDD.o
 .debug_aranges
                0x000004c8       0x50 ./Generated_Code/TMOUT1.o
 .debug_aranges
                0x00000518      0x1c8 ./Generated_Code/UTIL1.o
 .debug_aranges
                0x000006e0       0x18 ./Generated_Code/Vectors.o
 .debug_aranges
                0x000006f8       0x40 ./Generated_Code/heap_2.o
 .debug_aranges
                0x00000738       0x40 ./Generated_Code/list.o
 .debug_aranges
                0x00000778       0x90 ./Generated_Code/port.o
 .debug_aranges
                0x00000808      0x188 ./Generated_Code/tasks.o

.debug_ranges   0x00000000      0x848
 .debug_ranges  0x00000000       0x28 ./Sources/Application.o
 .debug_ranges  0x00000028       0x60 ./Sources/Events.o
 .debug_ranges  0x00000088       0x28 ./Sources/FDC1004.o
 .debug_ranges  0x000000b0       0x10 ./Sources/main.o
 .debug_ranges  0x000000c0       0x40 ./Project_Settings/Startup_Code/startup.o
 .debug_ranges  0x00000100       0x78 ./Generated_Code/AS1.o
 .debug_ranges  0x00000178       0x40 ./Generated_Code/ASerialLdd1.o
 .debug_ranges  0x000001b8       0x30 ./Generated_Code/BitIoLdd1.o
 .debug_ranges  0x000001e8       0x38 ./Generated_Code/CI2C2.o
 .debug_ranges  0x00000220       0xf8 ./Generated_Code/CLS1.o
 .debug_ranges  0x00000318       0x30 ./Generated_Code/Cpu.o
 .debug_ranges  0x00000348       0x90 ./Generated_Code/GI2C1.o
 .debug_ranges  0x000003d8       0x20 ./Generated_Code/PE_LDD.o
 .debug_ranges  0x000003f8       0x40 ./Generated_Code/TMOUT1.o
 .debug_ranges  0x00000438      0x1b8 ./Generated_Code/UTIL1.o
 .debug_ranges  0x000005f0       0x30 ./Generated_Code/heap_2.o
 .debug_ranges  0x00000620       0x30 ./Generated_Code/list.o
 .debug_ranges  0x00000650       0x80 ./Generated_Code/port.o
 .debug_ranges  0x000006d0      0x178 ./Generated_Code/tasks.o

.debug_macro    0x00000000    0x17a67
 .debug_macro   0x00000000      0x27c ./Sources/Application.o
 .debug_macro   0x0000027c      0x802 ./Sources/Application.o
 .debug_macro   0x00000a7e       0x22 ./Sources/Application.o
 .debug_macro   0x00000aa0       0x16 ./Sources/Application.o
 .debug_macro   0x00000ab6       0x44 ./Sources/Application.o
 .debug_macro   0x00000afa      0x209 ./Sources/Application.o
 .debug_macro   0x00000d03     0x1583 ./Sources/Application.o
 .debug_macro   0x00002286      0x14e ./Sources/Application.o
 .debug_macro   0x000023d4       0x64 ./Sources/Application.o
 .debug_macro   0x00002438     0x6691 ./Sources/Application.o
 .debug_macro   0x00008ac9       0xa6 ./Sources/Application.o
 .debug_macro   0x00008b6f      0x166 ./Sources/Application.o
 .debug_macro   0x00008cd5       0x98 ./Sources/Application.o
 .debug_macro   0x00008d6d       0x94 ./Sources/Application.o
 .debug_macro   0x00008e01      0x12c ./Sources/Application.o
 .debug_macro   0x00008f2d       0x40 ./Sources/Application.o
 .debug_macro   0x00008f6d       0x1f ./Sources/Application.o
 .debug_macro   0x00008f8c       0x47 ./Sources/Application.o
 .debug_macro   0x00008fd3      0x27e ./Sources/Application.o
 .debug_macro   0x00009251      0x15d ./Sources/Application.o
 .debug_macro   0x000093ae       0xce ./Sources/Application.o
 .debug_macro   0x0000947c       0x10 ./Sources/Application.o
 .debug_macro   0x0000948c       0x1f ./Sources/Application.o
 .debug_macro   0x000094ab       0xc0 ./Sources/Application.o
 .debug_macro   0x0000956b       0x9a ./Sources/Application.o
 .debug_macro   0x00009605      0x368 ./Sources/Application.o
 .debug_macro   0x0000996d       0x37 ./Sources/Application.o
 .debug_macro   0x000099a4       0x58 ./Sources/Application.o
 .debug_macro   0x000099fc       0x35 ./Sources/Application.o
 .debug_macro   0x00009a31       0xa3 ./Sources/Application.o
 .debug_macro   0x00009ad4       0x52 ./Sources/Application.o
 .debug_macro   0x00009b26       0x16 ./Sources/Application.o
 .debug_macro   0x00009b3c       0x43 ./Sources/Application.o
 .debug_macro   0x00009b7f      0x180 ./Sources/Application.o
 .debug_macro   0x00009cff      0x2a6 ./Sources/Application.o
 .debug_macro   0x00009fa5       0x10 ./Sources/Application.o
 .debug_macro   0x00009fb5       0x35 ./Sources/Application.o
 .debug_macro   0x00009fea       0x19 ./Sources/Application.o
 .debug_macro   0x0000a003       0xb0 ./Sources/Application.o
 .debug_macro   0x0000a0b3       0x7f ./Sources/Application.o
 .debug_macro   0x0000a132       0x97 ./Sources/Application.o
 .debug_macro   0x0000a1c9       0x19 ./Sources/Application.o
 .debug_macro   0x0000a1e2      0x2ab ./Sources/Application.o
 .debug_macro   0x0000a48d      0x2e3 ./Sources/Events.o
 .debug_macro   0x0000a770     0x157d ./Sources/Events.o
 .debug_macro   0x0000bced       0xa0 ./Sources/Events.o
 .debug_macro   0x0000bd8d       0x43 ./Sources/Events.o
 .debug_macro   0x0000bdd0       0x16 ./Sources/Events.o
 .debug_macro   0x0000bde6       0x2e ./Sources/Events.o
 .debug_macro   0x0000be14       0x65 ./Sources/Events.o
 .debug_macro   0x0000be79       0x20 ./Sources/Events.o
 .debug_macro   0x0000be99       0x1c ./Sources/Events.o
 .debug_macro   0x0000beb5      0x23d ./Sources/FDC1004.o
 .debug_macro   0x0000c0f2      0x2ec ./Sources/main.o
 .debug_macro   0x0000c3de      0x121 ./Project_Settings/Startup_Code/startup.o
 .debug_macro   0x0000c4ff       0x4a ./Project_Settings/Startup_Code/startup.o
 .debug_macro   0x0000c549       0x16 ./Project_Settings/Startup_Code/startup.o
 .debug_macro   0x0000c55f       0x22 ./Project_Settings/Startup_Code/startup.o
 .debug_macro   0x0000c581       0x10 ./Project_Settings/Startup_Code/startup.o
 .debug_macro   0x0000c591      0x20f ./Project_Settings/Startup_Code/startup.o
 .debug_macro   0x0000c7a0     0x6685 ./Project_Settings/Startup_Code/startup.o
 .debug_macro   0x00012e25      0x36c ./Generated_Code/AS1.o
 .debug_macro   0x00013191       0x5f ./Generated_Code/AS1.o
 .debug_macro   0x000131f0      0x133 ./Generated_Code/ASerialLdd1.o
 .debug_macro   0x00013323     0x1577 ./Generated_Code/ASerialLdd1.o
 .debug_macro   0x0001489a       0x26 ./Generated_Code/ASerialLdd1.o
 .debug_macro   0x000148c0      0x2fd ./Generated_Code/ASerialLdd1.o
 .debug_macro   0x00014bbd      0x99c ./Generated_Code/ASerialLdd1.o
 .debug_macro   0x00015559      0x114 ./Generated_Code/BitIoLdd1.o
 .debug_macro   0x0001566d      0x169 ./Generated_Code/CI2C2.o
 .debug_macro   0x000157d6      0x4e4 ./Generated_Code/CI2C2.o
 .debug_macro   0x00015cba      0x295 ./Generated_Code/CI2C2.o
 .debug_macro   0x00015f4f      0x201 ./Generated_Code/CLS1.o
 .debug_macro   0x00016150       0x8e ./Generated_Code/CLS1.o
 .debug_macro   0x000161de      0x2ef ./Generated_Code/Cpu.o
 .debug_macro   0x000164cd       0x22 ./Generated_Code/Cpu.o
 .debug_macro   0x000164ef      0x2dd ./Generated_Code/GI2C1.o
 .debug_macro   0x000167cc      0x2a1 ./Generated_Code/PE_LDD.o
 .debug_macro   0x00016a6d       0xa3 ./Generated_Code/TMOUT1.o
 .debug_macro   0x00016b10      0x161 ./Generated_Code/UTIL1.o
 .debug_macro   0x00016c71      0x2eb ./Generated_Code/Vectors.o
 .debug_macro   0x00016f5c      0x323 ./Generated_Code/heap_2.o
 .debug_macro   0x0001727f      0x155 ./Generated_Code/list.o
 .debug_macro   0x000173d4      0x231 ./Generated_Code/port.o
 .debug_macro   0x00017605       0xc8 ./Generated_Code/port.o
 .debug_macro   0x000176cd      0x384 ./Generated_Code/tasks.o
 .debug_macro   0x00017a51       0x16 ./Generated_Code/tasks.o

.debug_line     0x00000000     0x71cd
 .debug_line    0x00000000      0x4ed ./Sources/Application.o
 .debug_line    0x000004ed      0x565 ./Sources/Events.o
 .debug_line    0x00000a52      0x477 ./Sources/FDC1004.o
 .debug_line    0x00000ec9      0x4c9 ./Sources/main.o
 .debug_line    0x00001392      0x3c1 ./Project_Settings/Startup_Code/startup.o
 .debug_line    0x00001753      0x759 ./Generated_Code/AS1.o
 .debug_line    0x00001eac      0x3e7 ./Generated_Code/ASerialLdd1.o
 .debug_line    0x00002293      0x346 ./Generated_Code/BitIoLdd1.o
 .debug_line    0x000025d9      0x438 ./Generated_Code/CI2C2.o
 .debug_line    0x00002a11      0x69c ./Generated_Code/CLS1.o
 .debug_line    0x000030ad      0x642 ./Generated_Code/Cpu.o
 .debug_line    0x000036ef      0x6c0 ./Generated_Code/GI2C1.o
 .debug_line    0x00003daf      0x4be ./Generated_Code/PE_LDD.o
 .debug_line    0x0000426d      0x2cc ./Generated_Code/TMOUT1.o
 .debug_line    0x00004539      0xbef ./Generated_Code/UTIL1.o
 .debug_line    0x00005128      0x5a1 ./Generated_Code/Vectors.o
 .debug_line    0x000056c9      0x5d6 ./Generated_Code/heap_2.o
 .debug_line    0x00005c9f      0x30c ./Generated_Code/list.o
 .debug_line    0x00005fab      0x420 ./Generated_Code/port.o
 .debug_line    0x000063cb      0xe02 ./Generated_Code/tasks.o

.debug_str      0x00000000    0x4c3f3
 .debug_str     0x00000000    0x36ddf ./Sources/Application.o
                              0x3728f (size before relaxing)
 .debug_str     0x00036ddf      0x73b ./Sources/Events.o
                              0x37801 (size before relaxing)
 .debug_str     0x0003751a      0x1b0 ./Sources/FDC1004.o
                              0x36355 (size before relaxing)
 .debug_str     0x000376ca       0x17 ./Sources/main.o
                              0x3774f (size before relaxing)
 .debug_str     0x000376e1      0x1ab ./Project_Settings/Startup_Code/startup.o
                              0x27302 (size before relaxing)
 .debug_str     0x0003788c      0x32d ./Generated_Code/AS1.o
                              0x37a8a (size before relaxing)
 .debug_str     0x00037bb9     0xac11 ./Generated_Code/ASerialLdd1.o
                              0x3ad59 (size before relaxing)
 .debug_str     0x000427ca       0xe4 ./Generated_Code/BitIoLdd1.o
                              0x309d6 (size before relaxing)
 .debug_str     0x000428ae     0x67f9 ./Generated_Code/CI2C2.o
                              0x36db1 (size before relaxing)
 .debug_str     0x000490a7      0x743 ./Generated_Code/CLS1.o
                              0x32e72 (size before relaxing)
 .debug_str     0x000497ea      0x1aa ./Generated_Code/Cpu.o
                              0x37a37 (size before relaxing)
 .debug_str     0x00049994      0x275 ./Generated_Code/GI2C1.o
                              0x37a30 (size before relaxing)
 .debug_str     0x00049c09      0x177 ./Generated_Code/PE_LDD.o
                              0x378b7 (size before relaxing)
 .debug_str     0x00049d80      0x102 ./Generated_Code/TMOUT1.o
                              0x2be78 (size before relaxing)
 .debug_str     0x00049e82      0x6dd ./Generated_Code/UTIL1.o
                              0x2e782 (size before relaxing)
 .debug_str     0x0004a55f       0x1c ./Generated_Code/Vectors.o
                              0x37755 (size before relaxing)
 .debug_str     0x0004a57b      0x39e ./Generated_Code/heap_2.o
                              0x37b61 (size before relaxing)
 .debug_str     0x0004a919      0x124 ./Generated_Code/list.o
                               0xe66b (size before relaxing)
 .debug_str     0x0004aa3d      0x9f4 ./Generated_Code/port.o
                              0x3079e (size before relaxing)
 .debug_str     0x0004b431      0xfc2 ./Generated_Code/tasks.o
                              0x38923 (size before relaxing)

.comment        0x00000000       0x70
 .comment       0x00000000       0x70 ./Sources/Application.o
                                 0x71 (size before relaxing)
 .comment       0x00000000       0x71 ./Sources/Events.o
 .comment       0x00000000       0x71 ./Sources/FDC1004.o
 .comment       0x00000000       0x71 ./Sources/main.o
 .comment       0x00000000       0x71 ./Project_Settings/Startup_Code/startup.o
 .comment       0x00000000       0x71 ./Generated_Code/AS1.o
 .comment       0x00000000       0x71 ./Generated_Code/ASerialLdd1.o
 .comment       0x00000000       0x71 ./Generated_Code/BitIoLdd1.o
 .comment       0x00000000       0x71 ./Generated_Code/CI2C2.o
 .comment       0x00000000       0x71 ./Generated_Code/CLS1.o
 .comment       0x00000000       0x71 ./Generated_Code/Cpu.o
 .comment       0x00000000       0x71 ./Generated_Code/GI2C1.o
 .comment       0x00000000       0x71 ./Generated_Code/PE_LDD.o
 .comment       0x00000000       0x71 ./Generated_Code/TMOUT1.o
 .comment       0x00000000       0x71 ./Generated_Code/UTIL1.o
 .comment       0x00000000       0x71 ./Generated_Code/Vectors.o
 .comment       0x00000000       0x71 ./Generated_Code/heap_2.o
 .comment       0x00000000       0x71 ./Generated_Code/list.o
 .comment       0x00000000       0x71 ./Generated_Code/port.o
 .comment       0x00000000       0x71 ./Generated_Code/tasks.o

.debug_frame    0x00000000     0x1f98
 .debug_frame   0x00000000       0x88 ./Sources/Application.o
 .debug_frame   0x00000088      0x148 ./Sources/Events.o
 .debug_frame   0x000001d0       0x90 ./Sources/FDC1004.o
 .debug_frame   0x00000260       0x2c ./Sources/main.o
 .debug_frame   0x0000028c       0xd0 ./Project_Settings/Startup_Code/startup.o
 .debug_frame   0x0000035c      0x1c4 ./Generated_Code/AS1.o
 .debug_frame   0x00000520       0xf8 ./Generated_Code/ASerialLdd1.o
 .debug_frame   0x00000618       0xb0 ./Generated_Code/BitIoLdd1.o
 .debug_frame   0x000006c8       0xd0 ./Generated_Code/CI2C2.o
 .debug_frame   0x00000798      0x3b8 ./Generated_Code/CLS1.o
 .debug_frame   0x00000b50       0x9c ./Generated_Code/Cpu.o
 .debug_frame   0x00000bec      0x218 ./Generated_Code/GI2C1.o
 .debug_frame   0x00000e04       0x6c ./Generated_Code/PE_LDD.o
 .debug_frame   0x00000e70       0xf0 ./Generated_Code/TMOUT1.o
 .debug_frame   0x00000f60      0x6d0 ./Generated_Code/UTIL1.o
 .debug_frame   0x00001630       0xa8 ./Generated_Code/heap_2.o
 .debug_frame   0x000016d8       0xb0 ./Generated_Code/list.o
 .debug_frame   0x00001788      0x1a4 ./Generated_Code/port.o
 .debug_frame   0x0000192c      0x5b8 ./Generated_Code/tasks.o
 .debug_frame   0x00001ee4       0x20 c:/freescale/kds_3.0.0/toolchain/bin/../lib/gcc/arm-none-eabi/4.8.4/armv6-m\libgcc.a(_udivsi3.o)
 .debug_frame   0x00001f04       0x28 c:/freescale/kds_3.0.0/toolchain/bin/../lib/gcc/arm-none-eabi/4.8.4/../../../../arm-none-eabi/lib/armv6-m\libg_s.a(lib_a-exit.o)
 .debug_frame   0x00001f2c       0x2c c:/freescale/kds_3.0.0/toolchain/bin/../lib/gcc/arm-none-eabi/4.8.4/../../../../arm-none-eabi/lib/armv6-m\libg_s.a(lib_a-init.o)
 .debug_frame   0x00001f58       0x20 c:/freescale/kds_3.0.0/toolchain/bin/../lib/gcc/arm-none-eabi/4.8.4/../../../../arm-none-eabi/lib/armv6-m\libg_s.a(lib_a-memset.o)
 .debug_frame   0x00001f78       0x20 c:/freescale/kds_3.0.0/toolchain/bin/../lib/gcc/arm-none-eabi/4.8.4/../../../../arm-none-eabi/lib/armv6-m\libnosys.a(_exit.o)
